 vrad

 Timestamp is 6492dbfd (Wed Jun 21 04:16:13 2023)

 Preferred load address is 00400000

 Start         Length     Name                   Class
 0001:00000000 000504caH .text$mn                CODE
 0001:000504ca 000001b0H .text$x                 CODE
 0002:00000000 00000184H .idata$5                DATA
 0002:00000184 0000000cH .00cfg                  DATA
 0002:00000190 00000004H .CRT$XCA                DATA
 0002:00000194 00000004H .CRT$XCAA               DATA
 0002:00000198 00000004H .CRT$XCZ                DATA
 0002:0000019c 00000004H .CRT$XIA                DATA
 0002:000001a0 00000004H .CRT$XIAA               DATA
 0002:000001a4 00000004H .CRT$XIAC               DATA
 0002:000001a8 00000010H .CRT$XIC                DATA
 0002:000001b8 00000004H .CRT$XIZ                DATA
 0002:000001bc 00000004H .CRT$XPA                DATA
 0002:000001c0 00000008H .CRT$XPX                DATA
 0002:000001c8 00000004H .CRT$XPXA               DATA
 0002:000001cc 00000004H .CRT$XPZ                DATA
 0002:000001d0 00000004H .CRT$XTA                DATA
 0002:000001d4 0000000cH .CRT$XTZ                DATA
 0002:000001d8 00000000H .gfids$y                DATA
 0002:000001e0 00007920H .rdata                  DATA
 0002:00007b00 00000040H .rdata$CastGuardVftablesA DATA
 0002:00007b40 00000040H .rdata$CastGuardVftablesC DATA
 0002:00007b80 0000033cH .rdata$r                DATA
 0002:00007ebc 00000050H .rdata$sxdata           DATA
 0002:00007f0c 00000134H .rdata$voltmd           DATA
 0002:00008040 000003b8H .rdata$zzzdbg           DATA
 0002:000083f8 00000004H .rtc$IAA                DATA
 0002:000083fc 00000004H .rtc$IZZ                DATA
 0002:00008400 00000004H .rtc$TAA                DATA
 0002:00008404 00000004H .rtc$TZZ                DATA
 0002:00008408 00000c48H .xdata$x                DATA
 0002:00009050 0000004cH .edata                  DATA
 0002:0000909c 00000028H .idata$2                DATA
 0002:000090c4 00000014H .idata$3                DATA
 0002:000090d8 00000184H .idata$4                DATA
 0002:0000925c 0000070cH .idata$6                DATA
 0003:00000000 000008e0H .data                   DATA
 0003:000008e0 00000080H .data$r                 DATA
 0003:00000960 000000b8H .data$rs                DATA
 0003:00000a18 00001cd4H .bss                    DATA
 0004:00000000 00000060H .rsrc$01                DATA
 0004:00000060 00000180H .rsrc$02                DATA

  Address         Publics by Value              Rva+Base       Lib:Object

 0000:00000000       ___AbsoluteZero            00000000     <absolute>
 0000:00000000       ___arm64x_extra_rfe_table  00000000     <absolute>
 0000:00000000       ___arm64x_extra_rfe_table_size 00000000     <absolute>
 0000:00000000       ___arm64x_native_entrypoint 00000000     <absolute>
 0000:00000000       ___arm64x_redirection_metadata 00000000     <absolute>
 0000:00000000       ___arm64x_redirection_metadata_count 00000000     <absolute>
 0000:00000000       ___dynamic_value_reloc_table 00000000     <absolute>
 0000:00000000       ___enclave_config          00000000     <absolute>
 0000:00000000       ___guard_check_icall_a64n_fptr 00000000     <absolute>
 0000:00000000       ___guard_eh_cont_count     00000000     <absolute>
 0000:00000000       ___guard_eh_cont_table     00000000     <absolute>
 0000:00000000       ___guard_fids_count        00000000     <absolute>
 0000:00000000       ___guard_fids_table        00000000     <absolute>
 0000:00000000       ___guard_iat_count         00000000     <absolute>
 0000:00000000       ___guard_iat_table         00000000     <absolute>
 0000:00000000       ___guard_longjmp_count     00000000     <absolute>
 0000:00000000       ___guard_longjmp_table     00000000     <absolute>
 0000:00000000       ___hybrid_auxiliary_iat    00000000     <absolute>
 0000:00000000       ___hybrid_auxiliary_iat_copy 00000000     <absolute>
 0000:00000000       ___hybrid_code_map         00000000     <absolute>
 0000:00000000       ___hybrid_code_map_count   00000000     <absolute>
 0000:00000000       ___x64_code_ranges_to_entry_points 00000000     <absolute>
 0000:00000000       ___x64_code_ranges_to_entry_points_count 00000000     <absolute>
 0000:00000000       __except_list              00000000     <absolute>
 0000:00000014       ___safe_se_handler_count   00000014     <absolute>
 0000:00000100       ___guard_flags             00000100     <absolute>
 0000:00000000       ___ImageBase               00400000     <linker-defined>
 0001:00000000       ??_H@YGXPAXIIP6EPAX0@Z@Z   00401000 f i StdAfx.obj
 0001:00000030       ?GetLastErrorString@@YAPADXZ 00401030 f   vrad_launcher.obj
 0001:00000090       ?MakeFullPath@@YAXPBDPADH@Z 00401090 f   vrad_launcher.obj
 0001:000000f0       ___local_stdio_printf_options 004010f0 f i vrad_launcher.obj
 0001:00000100       _main                      00401100 f   vrad_launcher.obj
 0001:000003f0       _printf                    004013f0 f i vrad_launcher.obj
 0001:0000041e       _GetLastError@0            0040141e f   kernel32:KERNEL32.dll
 0001:00000424       _LocalFree@4               00401424 f   kernel32:KERNEL32.dll
 0001:0000042a       _FormatMessageA@28         0040142a f   kernel32:KERNEL32.dll
 0001:00000430       _CommandLine_Tier0         00401430 f   tier0:tier0.dll
 0001:00000440       ??0InterfaceReg@@QAE@P6APAXXZPBD@Z 00401440 f   tier1:interface.obj
 0001:00000470       ?Sys_GetFactory@@YAP6APAXPBDPAH@Z0@Z 00401470 f   tier1:interface.obj
 0001:00000490       ?Sys_GetFactory@@YAP6APAXPBDPAH@ZPAVCSysModule@@@Z 00401490 f   tier1:interface.obj
 0001:000004b0       ?Sys_GetFactoryThis@@YAP6APAXPBDPAH@ZXZ 004014b0 f   tier1:interface.obj
 0001:000004c0       ?Sys_LoadInterface@@YA_NPBD0PAPAVCSysModule@@PAPAX@Z 004014c0 f   tier1:interface.obj
 0001:00000670       ?Sys_LoadLibrary@@YAPAUHINSTANCE__@@PBD@Z 00401670 f   tier1:interface.obj
 0001:00000700       ?Sys_LoadModule@@YAPAVCSysModule@@PBD@Z 00401700 f   tier1:interface.obj
 0001:00000840       ?Sys_UnloadModule@@YAXPAVCSysModule@@@Z 00401840 f   tier1:interface.obj
 0001:00000860       _CreateInterface           00401860 f   tier1:interface.obj
 0001:000008d0       ?AddToTail@?$CUtlVector@PADV?$CUtlMemory@PAD@@@@QAEHABQAD@Z 004018d0 f i tier1:strtools.obj
 0001:00000980       ?AllocString@@YAPADPBDH@Z  00401980 f   tier1:strtools.obj
 0001:00000a60       ?Grow@?$CUtlMemory@PAD@@QAEXH@Z 00401a60 f i tier1:strtools.obj
 0001:00000ad0       ?GrowVector@?$CUtlVector@PADV?$CUtlMemory@PAD@@@@IAEXH@Z 00401ad0 f i tier1:strtools.obj
 0001:00000b60       ?InsertBefore@?$CUtlVector@PADV?$CUtlMemory@PAD@@@@QAEHHABQAD@Z 00401b60 f i tier1:strtools.obj
 0001:00000c10       ?IsExternallyAllocated@?$CUtlMemory@PAD@@QBE_NXZ 00401c10 f i tier1:strtools.obj
 0001:00000c20       ?Purge@?$CUtlMemory@PAD@@QAEXXZ 00401c20 f i tier1:strtools.obj
 0001:00000c50       ?RemoveAll@?$CUtlVector@PADV?$CUtlMemory@PAD@@@@QAEXXZ 00401c50 f i tier1:strtools.obj
 0001:00000c60       ?ShiftElementsRight@?$CUtlVector@PADV?$CUtlMemory@PAD@@@@IAEXHH@Z 00401c60 f i tier1:strtools.obj
 0001:00000ca0       ?V_AppendSlash@@YAXPADH@Z  00401ca0 f   tier1:strtools.obj
 0001:00000cf0       ?V_ComposeFileName@@YAXPBD0PADH@Z 00401cf0 f   tier1:strtools.obj
 0001:00000df0       ?V_DefaultExtension@@YAXPADPBDH@Z 00401df0 f   tier1:strtools.obj
 0001:00000ea0       ?V_ExtractFileExtension@@YAXPBDPADH@Z 00401ea0 f   tier1:strtools.obj
 0001:00000f10       ?V_ExtractFilePath@@YA_NPBDPADH@Z 00401f10 f   tier1:strtools.obj
 0001:00000f90       ?V_FileBase@@YAXPBDPADH@Z  00401f90 f   tier1:strtools.obj
 0001:00001050       ?V_FixSlashes@@YAXPADD@Z   00402050 f   tier1:strtools.obj
 0001:00001080       ?V_GetFileExtension@@YAPBDPBD@Z 00402080 f   tier1:strtools.obj
 0001:000010d0       ?V_IsAbsolutePath@@YA_NPBD@Z 004020d0 f   tier1:strtools.obj
 0001:00001100       ?V_MakeAbsolutePath@@YAXPADHPBD1@Z 00402100 f   tier1:strtools.obj
 0001:000012a0       ?V_RemoveDotSlashes@@YA_NPAD@Z 004022a0 f   tier1:strtools.obj
 0001:000013c0       ?V_SetExtension@@YAXPADPBDH@Z 004023c0 f   tier1:strtools.obj
 0001:000014b0       ?V_SplitString2@@YAXPBDPAPBDHAAV?$CUtlVector@PADV?$CUtlMemory@PAD@@@@@Z 004024b0 f   tier1:strtools.obj
 0001:000016f0       ?V_SplitString@@YAXPBD0AAV?$CUtlVector@PADV?$CUtlMemory@PAD@@@@@Z 004026f0 f   tier1:strtools.obj
 0001:00001710       ?V_StrLeft@@YAXPBDHPADH@Z  00402710 f   tier1:strtools.obj
 0001:00001740       ?V_StrRight@@YAXPBDHPADH@Z 00402740 f   tier1:strtools.obj
 0001:000017c0       ?V_StrSlice@@YAXPBDHHPADH@Z 004027c0 f   tier1:strtools.obj
 0001:00001860       ?V_StrSubst@@YA_NPBD00PADH_N@Z 00402860 f   tier1:strtools.obj
 0001:00001980       ?V_StripExtension@@YAXPBDPADH@Z 00402980 f   tier1:strtools.obj
 0001:00001a20       ?V_StripFilename@@YAXPAD@Z 00402a20 f   tier1:strtools.obj
 0001:00001a60       ?V_StripLastDir@@YA_NPADH@Z 00402a60 f   tier1:strtools.obj
 0001:00001b10       ?V_StripTrailingSlash@@YAXPAD@Z 00402b10 f   tier1:strtools.obj
 0001:00001b50       ?V_UTF8ToUnicode@@YAHPBDPA_WH@Z 00402b50 f   tier1:strtools.obj
 0001:00001ba0       ?V_UnicodeToUTF8@@YAHPB_WPADH@Z 00402ba0 f   tier1:strtools.obj
 0001:00001bf0       ?V_UnqualifiedFileName@@YAPBDPBD@Z 00402bf0 f   tier1:strtools.obj
 0001:00001c30       ?V_atof@@YAMPBD@Z          00402c30 f   tier1:strtools.obj
 0001:00001e50       ?V_atoi@@YAHPBD@Z          00402e50 f   tier1:strtools.obj
 0001:00001f20       ?V_binarytohex@@YAXPBEHPADH@Z 00402f20 f   tier1:strtools.obj
 0001:00001ff0       ?V_hextobinary@@YAXPBDHPAEH@Z 00402ff0 f   tier1:strtools.obj
 0001:000020b0       ?V_normalizeFloatString@@YAXPAD@Z 004030b0 f   tier1:strtools.obj
 0001:00002110       ?V_pretifymem@@YAPADMH_N@Z 00403110 f   tier1:strtools.obj
 0001:000022d0       ?V_pretifynum@@YAPAD_J@Z   004032d0 f   tier1:strtools.obj
 0001:00002610       ?V_snprintf@@YAHPADHPBDZZ  00403610 f   tier1:strtools.obj
 0001:00002670       ?V_strcasecmp@@YAHPBD0@Z   00403670 f   tier1:strtools.obj
 0001:000026b0       ?V_stristr@@YAPADPADPBD@Z  004036b0 f   tier1:strtools.obj
 0001:000026e0       ?V_stristr@@YAPBDPBD0@Z    004036e0 f   tier1:strtools.obj
 0001:000027b0       ?V_strncasecmp@@YAHPBD0H@Z 004037b0 f   tier1:strtools.obj
 0001:00002840       ?V_strncat@@YAPADPADPBDIH@Z 00403840 f   tier1:strtools.obj
 0001:000028d0       ?V_strnchr@@YAPBDPBDDH@Z   004038d0 f   tier1:strtools.obj
 0001:00002900       ?V_strncmp@@YAHPBD0H@Z     00403900 f   tier1:strtools.obj
 0001:00002960       ?V_strncpy@@YAXPADPBDH@Z   00403960 f   tier1:strtools.obj
 0001:000029a0       ?V_strnicmp@@YAHPBD0H@Z    004039a0 f   tier1:strtools.obj
 0001:000029d0       ?V_strnistr@@YAPBDPBD0H@Z  004039d0 f   tier1:strtools.obj
 0001:00002ac0       ?V_strnlwr@@YAPADPADI@Z    00403ac0 f   tier1:strtools.obj
 0001:00002b00       ?V_strtowcs@@YAXPBDHPA_WH@Z 00403b00 f   tier1:strtools.obj
 0001:00002b30       ?V_vsnprintf@@YAHPADHPBD0@Z 00403b30 f   tier1:strtools.obj
 0001:00002b90       ?V_wcsncpy@@YAXPA_WPB_WH@Z 00403b90 f   tier1:strtools.obj
 0001:00002bd0       ?V_wcstostr@@YAXPB_WHPADH@Z 00403bd0 f   tier1:strtools.obj
 0001:00002c00       ?_V_memcmp@@YAHPBDHPBX1H@Z 00403c00 f   tier1:strtools.obj
 0001:00002c90       ?_V_memcpy@@YAXPBDHPAXPBXH@Z 00403c90 f   tier1:strtools.obj
 0001:00002cc0       ?_V_memmove@@YAXPBDHPAXPBXH@Z 00403cc0 f   tier1:strtools.obj
 0001:00002cf0       ?_V_memset@@YAXPBDHPAXHH@Z 00403cf0 f   tier1:strtools.obj
 0001:00002d20       ?_V_strcmp@@YAHPBDH00@Z    00403d20 f   tier1:strtools.obj
 0001:00002d80       ?_V_strcpy@@YAXPBDHPAD0@Z  00403d80 f   tier1:strtools.obj
 0001:00002dc0       ?_V_stricmp@@YAHPBDH00@Z   00403dc0 f   tier1:strtools.obj
 0001:00002df0       ?_V_strlen@@YAHPBDH0@Z     00403df0 f   tier1:strtools.obj
 0001:00002e20       ?_V_strlower@@YAPADPBDHPAD@Z 00403e20 f   tier1:strtools.obj
 0001:00002e40       ?_V_strrchr@@YAPADPBDH0D@Z 00403e40 f   tier1:strtools.obj
 0001:00002e90       ?_V_strstr@@YAPADPBDH00@Z  00403e90 f   tier1:strtools.obj
 0001:00002ec0       ?_V_strupr@@YAPADPBDHPAD@Z 00403ec0 f   tier1:strtools.obj
 0001:00002ee0       ?_V_wcscmp@@YAHPBDHPB_W1@Z 00403ee0 f   tier1:strtools.obj
 0001:00002f20       ?_V_wcslen@@YAHPBDHPB_W@Z  00403f20 f   tier1:strtools.obj
 0001:00003192       ?configure_argv@__scrt_narrow_argv_policy@@SAHXZ 00404192 f i LIBCMT:exe_main.obj
 0001:0000319f       ?initialize_environment@__scrt_narrow_environment_policy@@SAHXZ 0040419f f i LIBCMT:exe_main.obj
 0001:000031c8       ?set_app_type@__scrt_main_policy@@SAXXZ 004041c8 f i LIBCMT:exe_main.obj
 0001:000031d1       ?set_commode@__scrt_file_policy@@SAXXZ 004041d1 f i LIBCMT:exe_main.obj
 0001:000031e2       ?set_fmode@__scrt_file_policy@@SAXXZ 004041e2 f i LIBCMT:exe_main.obj
 0001:000031ef       _mainCRTStartup            004041ef f   LIBCMT:exe_main.obj
 0001:000031f9       ___raise_securityfailure   004041f9 f   LIBCMT:gs_report.obj
 0001:00003221       ___report_gsfailure        00404221 f   LIBCMT:gs_report.obj
 0001:0000331b       ___report_rangecheckfailure 0040431b f   LIBCMT:gs_report.obj
 0001:00003327       ___report_securityfailure  00404327 f   LIBCMT:gs_report.obj
 0001:000033f6       ___report_securityfailureEx 004043f6 f   LIBCMT:gs_report.obj
 0001:0000350b       @__security_check_cookie@4 0040450b f   LIBCMT:secchk.obj
 0001:00003519       ??_U@YAPAXI@Z              00404519 f   LIBCMT:new_array.obj
 0001:00003530       __alldiv                   00404530 f   LIBCMT:lldiv.obj
 0001:000035e0       __allmul                   004045e0 f   LIBCMT:llmul.obj
 0001:00003620       __allrem                   00404620 f   LIBCMT:llrem.obj
 0001:00003749       _NtCurrentTeb              00404749 f i LIBCMT:utility.obj
 0001:00003750       ___scrt_acquire_startup_lock 00404750 f   LIBCMT:utility.obj
 0001:00003782       ___scrt_dllmain_after_initialize_c 00404782 f   LIBCMT:utility.obj
 0001:000037ad       ___scrt_dllmain_before_initialize_c 004047ad f   LIBCMT:utility.obj
 0001:000037bb       ___scrt_dllmain_crt_thread_attach 004047bb f   LIBCMT:utility.obj
 0001:000037da       ___scrt_dllmain_crt_thread_detach 004047da f   LIBCMT:utility.obj
 0001:000037e7       ___scrt_dllmain_exception_filter 004047e7 f   LIBCMT:utility.obj
 0001:0000381b       ___scrt_dllmain_uninitialize_c 0040481b f   LIBCMT:utility.obj
 0001:0000383e       ___scrt_dllmain_uninitialize_critical 0040483e f   LIBCMT:utility.obj
 0001:0000384b       ___scrt_initialize_crt     0040484b f   LIBCMT:utility.obj
 0001:00003884       ___scrt_initialize_onexit_tables 00404884 f   LIBCMT:utility.obj
 0001:0000390b       ___scrt_is_nonwritable_in_current_image 0040490b f   LIBCMT:utility.obj
 0001:0000399f       ___scrt_release_startup_lock 0040499f f   LIBCMT:utility.obj
 0001:000039bc       ___scrt_uninitialize_crt   004049bc f   LIBCMT:utility.obj
 0001:000039e4       __onexit                   004049e4 f   LIBCMT:utility.obj
 0001:00003a11       _at_quick_exit             00404a11 f   LIBCMT:utility.obj
 0001:00003a34       _atexit                    00404a34 f   LIBCMT:utility.obj
 0001:00003a96       ___security_init_cookie    00404a96 f   LIBCMT:gs_support.obj
 0001:00003ae1       __matherr                  00404ae1 f   LIBCMT:matherr.obj
 0001:00003ae4       __get_startup_argv_mode    00404ae4 f   LIBCMT:argv_mode.obj
 0001:00003ae8       __get_startup_commit_mode  00404ae8 f   LIBCMT:commit_mode.obj
 0001:00003aeb       __get_startup_file_mode    00404aeb f   LIBCMT:file_mode.obj
 0001:00003af1       __get_startup_new_mode     00404af1 f   LIBCMT:new_mode.obj
 0001:00003af4       __get_startup_thread_locale_mode 00404af4 f   LIBCMT:thread_locale.obj
 0001:00003af7       ?__scrt_initialize_type_info@@YAXXZ 00404af7 f   LIBCMT:tncleanup.obj
 0001:00003b03       ?__scrt_uninitialize_type_info@@YAXXZ 00404b03 f   LIBCMT:tncleanup.obj
 0001:00003b0f       __should_initialize_environment 00404b0f f   LIBCMT:env_mode.obj
 0001:00003b12       __initialize_default_precision 00404b12 f   LIBCMT:default_precision.obj
 0001:00003b33       __initialize_invalid_parameter_handler 00404b33 f   LIBCMT:invalid_parameter_handler.obj
 0001:00003b36       __initialize_denormal_control 00404b36 f   LIBCMT:denormal_control.obj
 0001:00003b39       ___local_stdio_scanf_options 00404b39 f i LIBCMT:default_local_stdio_options.obj
 0001:00003b3f       ___scrt_initialize_default_local_stdio_options 00404b3f f   LIBCMT:default_local_stdio_options.obj
 0001:00003b5c       ___scrt_is_user_matherr_present 00404b5c f   LIBCMT:matherr_detection.obj
 0001:00003b68       ___scrt_get_dyn_tls_init_callback 00404b68 f   LIBCMT:dyn_tls_init.obj
 0001:00003b6e       ___scrt_get_dyn_tls_dtor_callback 00404b6e f   LIBCMT:dyn_tls_dtor.obj
 0001:00003b74       ___scrt_fastfail           00404b74 f   LIBCMT:utility_desktop.obj
 0001:00003c8f       ___scrt_get_show_window_mode 00404c8f f   LIBCMT:utility_desktop.obj
 0001:00003cc0       ___scrt_initialize_mta     00404cc0 f   LIBCMT:utility_desktop.obj
 0001:00003cc5       ___scrt_initialize_winrt   00404cc5 f   LIBCMT:utility_desktop.obj
 0001:00003cc8       ___scrt_is_managed_app     00404cc8 f   LIBCMT:utility_desktop.obj
 0001:00003d0a       ___scrt_set_unhandled_exception_filter 00404d0a f   LIBCMT:utility_desktop.obj
 0001:00003d16       ___scrt_exe_initialize_mta 00404d16 f   LIBCMT:utility_desktop.obj
 0001:00003d16       ___scrt_stub_for_initialize_mta 00404d16 f   LIBCMT:utility_desktop.obj
 0001:00003d19       ___scrt_unhandled_exception_filter@4 00404d19 f   LIBCMT:utility_desktop.obj
 0001:00003d6f       __crt_debugger_hook        00404d6f f   LIBCMT:utility_desktop.obj
 0001:00003d77       __RTC_Initialize           00404d77 f   LIBCMT:initsect.obj
 0001:00003da3       __RTC_Terminate            00404da3 f   LIBCMT:initsect.obj
 0001:00003dd0       __SEH_prolog4              00404dd0 f   LIBCMT:sehprolg4.obj
 0001:00003e20       __SEH_epilog4              00404e20 f   LIBCMT:sehprolg4.obj
 0001:00003e34       @_guard_check_icall_nop@4  00404e34 f i LIBCMT:guard_support.obj
 0001:00003e37       _ReadNoFence               00404e37 f i LIBCMT:guard_support.obj
 0001:00003e41       _ReadPointerNoFence        00404e41 f i LIBCMT:guard_support.obj
 0001:00003e4b       ___castguard_check_failure_debugbreak 00404e4b f i LIBCMT:guard_support.obj
 0001:00003e66       ___castguard_check_failure_fastfail 00404e66 f i LIBCMT:guard_support.obj
 0001:00003e85       ___castguard_check_failure_nop 00404e85 f i LIBCMT:guard_support.obj
 0001:00003e88       ___castguard_check_failure_os_handled 00404e88 f i LIBCMT:guard_support.obj
 0001:00003ee4       ___castguard_slow_path_check_debugbreak 00404ee4 f i LIBCMT:guard_support.obj
 0001:00003f11       ___castguard_slow_path_check_fastfail 00404f11 f i LIBCMT:guard_support.obj
 0001:00003f42       ___castguard_slow_path_check_nop 00404f42 f i LIBCMT:guard_support.obj
 0001:00003f45       ___castguard_slow_path_check_os_handled 00404f45 f i LIBCMT:guard_support.obj
 0001:00003fa0       __guard_icall_checks_enforced 00404fa0 f i LIBCMT:guard_support.obj
 0001:00003fb2       ??2@YAPAXI@Z               00404fb2 f   LIBCMT:new_scalar.obj
 0001:00003fe2       ___isa_available_init      00404fe2 f   LIBCMT:cpu_disp.obj
 0001:000041b6       ___scrt_is_ucrt_dll_in_use 004051b6 f   LIBCMT:ucrt_detection.obj
 0001:000041c2       ??0bad_alloc@std@@AAE@QBD@Z 004051c2 f i LIBCMT:throw_bad_alloc.obj
 0001:000041df       ??0bad_alloc@std@@QAE@ABV01@@Z 004051df f i LIBCMT:throw_bad_alloc.obj
 0001:000041fa       ??0bad_alloc@std@@QAE@XZ   004051fa f i LIBCMT:throw_bad_alloc.obj
 0001:00004212       ??0bad_array_new_length@std@@QAE@ABV01@@Z 00405212 f i LIBCMT:throw_bad_alloc.obj
 0001:0000422d       ??0bad_array_new_length@std@@QAE@XZ 0040522d f i LIBCMT:throw_bad_alloc.obj
 0001:00004245       ??0exception@std@@QAE@ABV01@@Z 00405245 f i LIBCMT:throw_bad_alloc.obj
 0001:00004271       ??0exception@std@@QAE@QBDH@Z 00405271 f i LIBCMT:throw_bad_alloc.obj
 0001:0000428e       ??1bad_alloc@std@@UAE@XZ   0040528e f i LIBCMT:throw_bad_alloc.obj
 0001:0000429f       ??1bad_array_new_length@std@@UAE@XZ 0040529f f i LIBCMT:throw_bad_alloc.obj
 0001:000042b0       ??1exception@std@@UAE@XZ   004052b0 f i LIBCMT:throw_bad_alloc.obj
 0001:000042c1       ??_Ebad_alloc@std@@UAEPAXI@Z 004052c1 f i LIBCMT:throw_bad_alloc.obj
 0001:000042c1       ??_Gbad_alloc@std@@UAEPAXI@Z 004052c1 f i LIBCMT:throw_bad_alloc.obj
 0001:000042ee       ??_Ebad_array_new_length@std@@UAEPAXI@Z 004052ee f i LIBCMT:throw_bad_alloc.obj
 0001:000042ee       ??_Gbad_array_new_length@std@@UAEPAXI@Z 004052ee f i LIBCMT:throw_bad_alloc.obj
 0001:0000431b       ??_Eexception@std@@UAEPAXI@Z 0040531b f i LIBCMT:throw_bad_alloc.obj
 0001:0000431b       ??_Gexception@std@@UAEPAXI@Z 0040531b f i LIBCMT:throw_bad_alloc.obj
 0001:00004348       ?__scrt_throw_std_bad_alloc@@YAXXZ 00405348 f   LIBCMT:throw_bad_alloc.obj
 0001:00004365       ?__scrt_throw_std_bad_array_new_length@@YAXXZ 00405365 f   LIBCMT:throw_bad_alloc.obj
 0001:00004382       ?what@exception@std@@UBEPBDXZ 00405382 f i LIBCMT:throw_bad_alloc.obj
 0001:0000438f       ??3@YAXPAXI@Z              0040538f f   LIBCMT:delete_scalar_size.obj
 0001:0000439d       ??1type_info@@UAE@XZ       0040539d f   LIBCMT:std_type_info_static.obj
 0001:000043a4       ??_Etype_info@@UAEPAXI@Z   004053a4 f i LIBCMT:std_type_info_static.obj
 0001:000043a4       ??_Gtype_info@@UAEPAXI@Z   004053a4 f i LIBCMT:std_type_info_static.obj
 0001:000043c7       ??3@YAXPAX@Z               004053c7 f   LIBCMT:delete_scalar.obj
 0001:000043d0       _strstr                    004053d0 f   libvcruntime:strstr.obj
 0001:00004640       _strchr                    00405640 f   libvcruntime:strchr.obj
 0001:000046ae       ___from_strstr_to_strchr   004056ae     libvcruntime:strchr.obj
 0001:00004770       _strrchr                   00405770 f   libvcruntime:strrchr.obj
 0001:000048b0       _memcpy                    004058b0 f   libvcruntime:memcpy.obj
 0001:00004e30       _memmove                   00405e30 f   libvcruntime:memmove.obj
 0001:000053b0       _memset                    004063b0 f   libvcruntime:memset.obj
 0001:00005550       __except_handler4          00406550 f   libvcruntime:chandler4.obj
 0001:000056ae       ___vcrt_initialize         004066ae f   libvcruntime:initialization.obj
 0001:000056cd       ___vcrt_thread_attach      004066cd f   libvcruntime:initialization.obj
 0001:000056d8       ___vcrt_thread_detach      004066d8 f   libvcruntime:initialization.obj
 0001:000056e3       ___vcrt_uninitialize       004066e3 f   libvcruntime:initialization.obj
 0001:000056fa       ___vcrt_uninitialize_critical 004066fa f   libvcruntime:initialization.obj
 0001:00005713       ??$?RD@__crt_internal_free_policy@@QBEXQBD@Z 00406713 f i libvcruntime:std_type_info.obj
 0001:00005723       ??$?RX@__crt_internal_free_policy@@QBEXQBX@Z 00406723 f i libvcruntime:std_type_info.obj
 0001:00005733       ??$__crt_interlocked_compare_exchange_pointer@$$CBDPAD$$T@@YAPBDPDSBDQAD$$T@Z 00406733 f i libvcruntime:std_type_info.obj
 0001:00005745       ??$__crt_interlocked_read_pointer@$$CBD@@YAPBDPDSBD@Z 00406745 f i libvcruntime:std_type_info.obj
 0001:00005750       ??0?$__crt_unique_heap_ptr@DU__crt_internal_free_policy@@@@QAE@QAD@Z 00406750 f i libvcruntime:std_type_info.obj
 0001:0000575e       ??0?$__crt_unique_heap_ptr@XU__crt_internal_free_policy@@@@QAE@QAX@Z 0040675e f i libvcruntime:std_type_info.obj
 0001:0000576c       ??1?$__crt_unique_heap_ptr@DU__crt_internal_free_policy@@@@QAE@XZ 0040676c f i libvcruntime:std_type_info.obj
 0001:0000577c       ??1?$__crt_unique_heap_ptr@XU__crt_internal_free_policy@@@@QAE@XZ 0040677c f i libvcruntime:std_type_info.obj
 0001:0000578c       ??B?$__crt_unique_heap_ptr@DU__crt_internal_free_policy@@@@QBE_NXZ 0040678c f i libvcruntime:std_type_info.obj
 0001:00005793       ??B?$__crt_unique_heap_ptr@XU__crt_internal_free_policy@@@@QBE_NXZ 00406793 f i libvcruntime:std_type_info.obj
 0001:000057ba       ?__crt_interlocked_read_32@@YAHPDH@Z 004067ba f i libvcruntime:std_type_info.obj
 0001:000057c5       ?detach@?$__crt_unique_heap_ptr@XU__crt_internal_free_policy@@@@QAEPAXXZ 004067c5 f i libvcruntime:std_type_info.obj
 0001:000057cb       ?get@?$__crt_unique_heap_ptr@DU__crt_internal_free_policy@@@@QBEPADXZ 004067cb f i libvcruntime:std_type_info.obj
 0001:000057ce       ?get@?$__crt_unique_heap_ptr@XU__crt_internal_free_policy@@@@QBEPAXXZ 004067ce f i libvcruntime:std_type_info.obj
 0001:000057d1       ?is_valid@?$__crt_unique_heap_ptr@DU__crt_internal_free_policy@@@@QBE_NXZ 004067d1 f i libvcruntime:std_type_info.obj
 0001:000057d8       ?is_valid@?$__crt_unique_heap_ptr@XU__crt_internal_free_policy@@@@QBE_NXZ 004067d8 f i libvcruntime:std_type_info.obj
 0001:000057df       ?release@?$__crt_unique_heap_ptr@DU__crt_internal_free_policy@@@@QAEXXZ 004067df f i libvcruntime:std_type_info.obj
 0001:000057ef       ?release@?$__crt_unique_heap_ptr@XU__crt_internal_free_policy@@@@QAEXXZ 004067ef f i libvcruntime:std_type_info.obj
 0001:000057ff       ___std_type_info_compare   004067ff f   libvcruntime:std_type_info.obj
 0001:0000583b       ___std_type_info_destroy_list 0040683b f   libvcruntime:std_type_info.obj
 0001:0000585e       ___std_type_info_hash      0040685e f   libvcruntime:std_type_info.obj
 0001:00005884       ___std_type_info_name      00406884 f   libvcruntime:std_type_info.obj
 0001:0000594a       ___DestructExceptionObject 0040694a f   libvcruntime:ehhelpers.obj
 0001:000059eb       ?_CallMemberFunction0@@YGXQAX0@Z 004069eb f i libvcruntime:ehhelpers.obj
 0001:00005a50       ?raw_name@type_info@@QBEPBDXZ 00406a50 f i libvcruntime:ehhelpers.obj
 0001:00005a54       __IsExceptionObjectToBeDestroyed 00406a54 f   libvcruntime:ehhelpers.obj
 0001:00005a7a       __SetWinRTOutOfMemoryExceptionCallback 00406a7a f   libvcruntime:ehhelpers.obj
 0001:00005a87       ___AdjustPointer           00406a87 f   libvcruntime:ehhelpers.obj
 0001:00005aac       ___FrameUnwindFilter       00406aac f   libvcruntime:ehhelpers.obj
 0001:00005b02       ___GetPlatformExceptionInfo 00406b02 f   libvcruntime:ehhelpers.obj
 0001:00005b4e       ___current_exception       00406b4e f   libvcruntime:ehhelpers.obj
 0001:00005b57       ___current_exception_context 00406b57 f   libvcruntime:ehhelpers.obj
 0001:00005b60       ___processing_throw        00406b60 f   libvcruntime:ehhelpers.obj
 0001:00005b69       ___std_terminate           00406b69 f   libvcruntime:ehhelpers.obj
 0001:00005b6e       __is_exception_typeof      00406b6e f   libvcruntime:ehhelpers.obj
 0001:00005c12       ??$?RD@__crt_public_free_policy@@QBEXQBD@Z 00406c12 f i libvcruntime:std_exception.obj
 0001:00005c22       ??0?$__crt_unique_heap_ptr@DU__crt_public_free_policy@@@@QAE@QAD@Z 00406c22 f i libvcruntime:std_exception.obj
 0001:00005c30       ??1?$__crt_unique_heap_ptr@DU__crt_public_free_policy@@@@QAE@XZ 00406c30 f i libvcruntime:std_exception.obj
 0001:00005c40       ??B?$__crt_unique_heap_ptr@DU__crt_public_free_policy@@@@QBE_NXZ 00406c40 f i libvcruntime:std_exception.obj
 0001:00005c47       ?detach@?$__crt_unique_heap_ptr@DU__crt_public_free_policy@@@@QAEPADXZ 00406c47 f i libvcruntime:std_exception.obj
 0001:00005c4d       ?get@?$__crt_unique_heap_ptr@DU__crt_public_free_policy@@@@QBEPADXZ 00406c4d f i libvcruntime:std_exception.obj
 0001:00005c50       ?is_valid@?$__crt_unique_heap_ptr@DU__crt_public_free_policy@@@@QBE_NXZ 00406c50 f i libvcruntime:std_exception.obj
 0001:00005c57       ?release@?$__crt_unique_heap_ptr@DU__crt_public_free_policy@@@@QAEXXZ 00406c57 f i libvcruntime:std_exception.obj
 0001:00005c67       ___std_exception_copy      00406c67 f   libvcruntime:std_exception.obj
 0001:00005cca       ___std_exception_destroy   00406cca f   libvcruntime:std_exception.obj
 0001:00005ce9       __CxxThrowException@8      00406ce9 f   libvcruntime:throw.obj
 0001:00005d60       __local_unwind4            00406d60 f   libvcruntime:exsup4.obj
 0001:00005e50       __seh_longjmp_unwind4@4    00406e50 f   libvcruntime:exsup4.obj
 0001:00005e80       @_EH4_CallFilterFunc@8     00406e80 f   libvcruntime:exsup4.obj
 0001:00005ea0       @_EH4_TransferToHandler@8  00406ea0 f   libvcruntime:exsup4.obj
 0001:00005ec0       @_EH4_GlobalUnwind2@8      00406ec0 f   libvcruntime:exsup4.obj
 0001:00005ee0       @_EH4_LocalUnwind@16       00406ee0 f   libvcruntime:exsup4.obj
 0001:00005f02       ___except_validate_context_record 00406f02 f   libvcruntime:jbcxrval.obj
 0001:00005f32       ___except_validate_jump_buffer 00406f32 f   libvcruntime:jbcxrval.obj
 0001:00005f5f       ___except_validate_jump_buffer_common 00406f5f f i libvcruntime:jbcxrval.obj
 0001:00005f98       ??$?RU__vcrt_ptd@@@__crt_internal_free_policy@@QBEXQBU__vcrt_ptd@@@Z 00406f98 f i libvcruntime:per_thread_data.obj
 0001:00005fa8       ??0?$__crt_unique_heap_ptr@U__vcrt_ptd@@U__crt_internal_free_policy@@@@QAE@QAU__vcrt_ptd@@@Z 00406fa8 f i libvcruntime:per_thread_data.obj
 0001:00005fc5       ??1?$__crt_unique_heap_ptr@U__vcrt_ptd@@U__crt_internal_free_policy@@@@QAE@XZ 00406fc5 f i libvcruntime:per_thread_data.obj
 0001:00005fde       ??B?$__crt_unique_heap_ptr@U__vcrt_ptd@@U__crt_internal_free_policy@@@@QBE_NXZ 00406fde f i libvcruntime:per_thread_data.obj
 0001:00005fe5       ?detach@?$__crt_unique_heap_ptr@U__vcrt_ptd@@U__crt_internal_free_policy@@@@QAEPAU__vcrt_ptd@@XZ 00406fe5 f i libvcruntime:per_thread_data.obj
 0001:00005feb       ?get@?$__crt_unique_heap_ptr@U__vcrt_ptd@@U__crt_internal_free_policy@@@@QBEPAU__vcrt_ptd@@XZ 00406feb f i libvcruntime:per_thread_data.obj
 0001:00005fee       ?is_valid@?$__crt_unique_heap_ptr@U__vcrt_ptd@@U__crt_internal_free_policy@@@@QBE_NXZ 00406fee f i libvcruntime:per_thread_data.obj
 0001:00005ff5       ?release@?$__crt_unique_heap_ptr@U__vcrt_ptd@@U__crt_internal_free_policy@@@@QAEXXZ 00406ff5 f i libvcruntime:per_thread_data.obj
 0001:0000601f       ___vcrt_freefls@4          0040701f f   libvcruntime:per_thread_data.obj
 0001:0000603b       ___vcrt_freeptd            0040703b f   libvcruntime:per_thread_data.obj
 0001:00006071       ___vcrt_getptd             00407071 f   libvcruntime:per_thread_data.obj
 0001:0000607f       ___vcrt_getptd_noexit      0040707f f   libvcruntime:per_thread_data.obj
 0001:00006111       ___vcrt_getptd_noinit      00407111 f   libvcruntime:per_thread_data.obj
 0001:00006148       ___vcrt_initialize_ptd     00407148 f   libvcruntime:per_thread_data.obj
 0001:0000617b       ___vcrt_uninitialize_ptd   0040717b f   libvcruntime:per_thread_data.obj
 0001:00006196       ___vcrt_initialize_locks   00407196 f   libvcruntime:locks.obj
 0001:000061d2       ___vcrt_lock               004071d2 f   libvcruntime:locks.obj
 0001:000061e7       ___vcrt_uninitialize_locks 004071e7 f   libvcruntime:locks.obj
 0001:00006216       ___vcrt_unlock             00407216 f   libvcruntime:locks.obj
 0001:0000622b       ??$?0$00@DName@@QAE@PBDU?$StringLifeSelector@$00@@@Z 0040722b f i libvcruntime:undname.obj
 0001:0000625e       ??$?0$00@pcharNode@@QAE@PBDHU?$StringLifeSelector@$00@@@Z 0040725e f i libvcruntime:undname.obj
 0001:00006279       ??$?0$01@DName@@QAE@PBDU?$StringLifeSelector@$01@@@Z 00407279 f i libvcruntime:undname.obj
 0001:000062ac       ??$?0$01@pcharNode@@QAE@PBDHU?$StringLifeSelector@$01@@@Z 004072ac f i libvcruntime:undname.obj
 0001:000062ec       ??$?0$0A@@DName@@QAE@PBDU?$StringLifeSelector@$0A@@@@Z 004072ec f i libvcruntime:undname.obj
 0001:0000631f       ??$?0$0A@@pcharNode@@QAE@PBDHU?$StringLifeSelector@$0A@@@@Z 0040731f f i libvcruntime:undname.obj
 0001:0000635f       ??$?0_K$0A@@?$optional@_K@std@@QAE@$$QA_K@Z 0040735f f i libvcruntime:undname.obj
 0001:00006379       ??$?0_K@?$_Optional_construct_base@_K@std@@QAE@Uin_place_t@1@$$QA_K@Z 00407379 f i libvcruntime:undname.obj
 0001:00006393       ??$?0_K@?$_Optional_destruct_base@_K$00@std@@QAE@Uin_place_t@1@$$QA_K@Z 00407393 f i libvcruntime:undname.obj
 0001:000063ad       ??$append@VDNameNode@@@DName@@AAEXPBVDNameNode@@@Z 004073ad f i libvcruntime:undname.obj
 0001:000063ee       ??$append@VDNameStatusNode@@@DName@@AAEXPBVDNameStatusNode@@@Z 004073ee f i libvcruntime:undname.obj
 0001:0000642f       ??$append@VcharNode@@@DName@@AAEXPBVcharNode@@@Z 0040742f f i libvcruntime:undname.obj
 0001:00006470       ??$append@VpDNameNode@@@DName@@AAEXPBVpDNameNode@@@Z 00407470 f i libvcruntime:undname.obj
 0001:000064b1       ??$append@VpcharNode@@@DName@@AAEXPBVpcharNode@@@Z 004074b1 f i libvcruntime:undname.obj
 0001:000064f2       ??$doPchar@$00@DName@@AAEXPBDH@Z 004074f2 f i libvcruntime:undname.obj
 0001:0000655d       ??$doPchar@$01@DName@@AAEXPBDH@Z 0040755d f i libvcruntime:undname.obj
 0001:000065ce       ??$doPchar@$0A@@DName@@AAEXPBDH@Z 004075ce f i libvcruntime:undname.obj
 0001:0000663f       ??$forward@_K@std@@YA$$QA_KAA_K@Z 0040763f f i libvcruntime:undname.obj
 0001:00006703       ??$size@D$04@std@@YAIAAY04$$CBD@Z 00407703 f i libvcruntime:undname.obj
 0001:00006707       ??0?$_Optional_construct_base@_K@std@@QAE@XZ 00407707 f i libvcruntime:undname.obj
 0001:0000670e       ??0?$_Optional_destruct_base@_K$00@std@@QAE@XZ 0040770e f i libvcruntime:undname.obj
 0001:00006715       ??0?$optional@_K@std@@QAE@XZ 00407715 f i libvcruntime:undname.obj
 0001:0000671c       ??0Block@_HeapManager@@QAE@XZ 0040771c f i libvcruntime:undname.obj
 0001:00006722       ??0DName@@QAE@AAPBDD@Z     00407722 f   libvcruntime:undname.obj
 0001:000067a2       ??0DName@@QAE@ABUStringLiteral@@@Z 004077a2 f   libvcruntime:undname.obj
 0001:000067c9       ??0DName@@QAE@ABV0@@Z      004077c9 f i libvcruntime:undname.obj
 0001:000067df       ??0DName@@QAE@D@Z          004077df f   libvcruntime:undname.obj
 0001:000067fb       ??0DName@@QAE@PAV0@@Z      004077fb f   libvcruntime:undname.obj
 0001:00006844       ??0DName@@QAE@W4DNameStatus@@@Z 00407844 f   libvcruntime:undname.obj
 0001:00006884       ??0DName@@QAE@XZ           00407884 f i libvcruntime:undname.obj
 0001:0000688e       ??0DName@@QAE@_J@Z         0040788e f   libvcruntime:undname.obj
 0001:00006918       ??0DName@@QAE@_K@Z         00407918 f   libvcruntime:undname.obj
 0001:0000697c       ??0DNameNode@@IAE@XZ       0040797c f i libvcruntime:undname.obj
 0001:00006985       ??0Replicator@@QAE@XZ      00407985 f i libvcruntime:undname.obj
 0001:00006994       ??0UnDecorator@@QAE@PBDP6APADJ@ZK@Z 00407994 f i libvcruntime:undname.obj
 0001:000069e0       ??0_Nontrivial_dummy_type@std@@QAE@XZ 004079e0 f i libvcruntime:undname.obj
 0001:000069e3       ??0charNode@@QAE@D@Z       004079e3 f i libvcruntime:undname.obj
 0001:000069f8       ??0pDNameNode@@QAE@PAVDName@@@Z 004079f8 f   libvcruntime:undname.obj
 0001:00006a20       ??0pairNode@@QAE@PBVDNameNode@@0@Z 00407a20 f i libvcruntime:undname.obj
 0001:00006a46       ??2@YAPAXIAAV_HeapManager@@H@Z 00407a46 f   libvcruntime:undname.obj
 0001:00006a65       ??4DName@@QAEAAV0@ABUStringLiteral@@@Z 00407a65 f   libvcruntime:undname.obj
 0001:00006a86       ??4DName@@QAEAAV0@ABV0@@Z  00407a86 f   libvcruntime:undname.obj
 0001:00006a9c       ??4DName@@QAEAAV0@D@Z      00407a9c f i libvcruntime:undname.obj
 0001:00006ab8       ??4DName@@QAEAAV0@PAV0@@Z  00407ab8 f   libvcruntime:undname.obj
 0001:00006afb       ??4DName@@QAEAAV0@W4DNameStatus@@@Z 00407afb f   libvcruntime:undname.obj
 0001:00006b2d       ??AReplicator@@QBE?AVDName@@H@Z 00407b2d f   libvcruntime:undname.obj
 0001:00006b69       ??B?$optional@_K@std@@QBE_NXZ 00407b69 f i libvcruntime:undname.obj
 0001:00006b6d       ??D?$_Optional_construct_base@_K@std@@QGAEAA_KXZ 00407b6d f i libvcruntime:undname.obj
 0001:00006b70       ??H@YA?AVDName@@ABUStringLiteral@@ABV0@@Z 00407b70 f i libvcruntime:undname.obj
 0001:00006b92       ??H@YA?AVDName@@DABV0@@Z   00407b92 f i libvcruntime:undname.obj
 0001:00006bbd       ??H@YA?AVDName@@W4DNameStatus@@ABV0@@Z 00407bbd f i libvcruntime:undname.obj
 0001:00006bdf       ??HDName@@QBE?AV0@ABUStringLiteral@@@Z 00407bdf f   libvcruntime:undname.obj
 0001:00006c01       ??HDName@@QBE?AV0@ABV0@@Z  00407c01 f   libvcruntime:undname.obj
 0001:00006c23       ??HDName@@QBE?AV0@D@Z      00407c23 f   libvcruntime:undname.obj
 0001:00006c45       ??HDName@@QBE?AV0@PAV0@@Z  00407c45 f   libvcruntime:undname.obj
 0001:00006c67       ??HDName@@QBE?AV0@W4DNameStatus@@@Z 00407c67 f   libvcruntime:undname.obj
 0001:00006c89       ??HStringLiteral@@QBE?AU0@H@Z 00407c89 f i libvcruntime:undname.obj
 0001:00006ca3       ??YDName@@QAEAAV0@ABUStringLiteral@@@Z 00407ca3 f   libvcruntime:undname.obj
 0001:00006cfb       ??YDName@@QAEAAV0@ABV0@@Z  00407cfb f   libvcruntime:undname.obj
 0001:00006d52       ??YDName@@QAEAAV0@D@Z      00407d52 f   libvcruntime:undname.obj
 0001:00006da7       ??YDName@@QAEAAV0@PAV0@@Z  00407da7 f   libvcruntime:undname.obj
 0001:00006e0b       ??YDName@@QAEAAV0@W4DNameStatus@@@Z 00407e0b f   libvcruntime:undname.obj
 0001:00006e4b       ??YReplicator@@QAEAAV0@ABVDName@@@Z 00407e4b f   libvcruntime:undname.obj
 0001:00006e8b       ??_5DName@@QAEAAV0@ABV0@@Z 00407e8b f   libvcruntime:undname.obj
 0001:00006eaa       ??__K_l@@YA?AUStringLiteral@@PBDI@Z 00407eaa f i libvcruntime:undname.obj
 0001:00006eb5       ?Constructor@_HeapManager@@QAEXP6APAXI@ZP6AXPAX@Z@Z 00407eb5 f i libvcruntime:undname.obj
 0001:00006ed2       ?Destructor@_HeapManager@@QAEXXZ 00407ed2 f i libvcruntime:undname.obj
 0001:00006f16       ?UScore@UnDecorator@@SA?AUStringLiteral@@W4Tokens@@@Z 00407f16 f   libvcruntime:undname.obj
 0001:00006f3d       ?composeDeclaration@UnDecorator@@CA?AVDName@@ABV2@@Z 00407f3d f i libvcruntime:undname.obj
 0001:00007c35       ?doAccessSpecifiers@UnDecorator@@SAHXZ 00408c35 f i libvcruntime:undname.obj
 0001:00007c43       ?doAllocationLanguage@UnDecorator@@SAHXZ 00408c43 f i libvcruntime:undname.obj
 0001:00007c51       ?doAllocationModel@UnDecorator@@SAHXZ 00408c51 f i libvcruntime:undname.obj
 0001:00007c5f       ?doEcsu@UnDecorator@@SAHXZ 00408c5f f i libvcruntime:undname.obj
 0001:00007c6d       ?doEllipsis@UnDecorator@@SAHXZ 00408c6d f i libvcruntime:undname.obj
 0001:00007c7b       ?doFunctionReturns@UnDecorator@@SAHXZ 00408c7b f i libvcruntime:undname.obj
 0001:00007c89       ?doMSKeywords@UnDecorator@@SAHXZ 00408c89 f i libvcruntime:undname.obj
 0001:00007c96       ?doMemberTypes@UnDecorator@@SAHXZ 00408c96 f i libvcruntime:undname.obj
 0001:00007ca4       ?doNameOnly@UnDecorator@@SAHXZ 00408ca4 f i libvcruntime:undname.obj
 0001:00007caf       ?doNoIdentCharCheck@UnDecorator@@SAHXZ 00408caf f i libvcruntime:undname.obj
 0001:00007cba       ?doPchar@DName@@AAEXD@Z    00408cba f   libvcruntime:undname.obj
 0001:00007cf2       ?doPtr64@UnDecorator@@SAHXZ 00408cf2 f i libvcruntime:undname.obj
 0001:00007d00       ?doRestrictionSpec@UnDecorator@@SAHXZ 00408d00 f i libvcruntime:undname.obj
 0001:00007d0e       ?doThisTypes@UnDecorator@@SAHXZ 00408d0e f i libvcruntime:undname.obj
 0001:00007d20       ?doThrowTypes@UnDecorator@@SAHXZ 00408d20 f i libvcruntime:undname.obj
 0001:00007d2e       ?doTypeOnly@UnDecorator@@SAHXZ 00408d2e f i libvcruntime:undname.obj
 0001:00007d39       ?doUnderScore@UnDecorator@@SAHXZ 00408d39 f i libvcruntime:undname.obj
 0001:00007d44       ?getAddressOf@UnDecorator@@CA?AVDName@@XZ 00408d44 f   libvcruntime:undname.obj
 0001:00007dac       ?getArgumentList@UnDecorator@@CA?AVDName@@XZ 00408dac f   libvcruntime:undname.obj
 0001:00007f19       ?getArgumentTypes@UnDecorator@@CA?AVDName@@XZ 00408f19 f   libvcruntime:undname.obj
 0001:00008021       ?getArrayAccess@UnDecorator@@CA?AVDName@@XZ 00409021 f   libvcruntime:undname.obj
 0001:00008095       ?getArrayObject@UnDecorator@@CA?AVDName@@XZ 00409095 f   libvcruntime:undname.obj
 0001:00008120       ?getArrayType@UnDecorator@@CA?AVDName@@ABV2@@Z 00409120 f i libvcruntime:undname.obj
 0001:000082bd       ?getBasedType@UnDecorator@@CA?AVDName@@XZ 004092bd f   libvcruntime:undname.obj
 0001:0000836c       ?getBasicDataType@UnDecorator@@CA?AVDName@@ABV2@@Z 0040936c f   libvcruntime:undname.obj
 0001:000088c8       ?getCHPEName@UnDecorator@@QAEPADPADH@Z 004098c8 f i libvcruntime:undname.obj
 0001:000089a5       ?getCallIndex@UnDecorator@@CA?AVDName@@XZ 004099a5 f i libvcruntime:undname.obj
 0001:000089b9       ?getCallingConvention@UnDecorator@@CA?AVDName@@XZ 004099b9 f   libvcruntime:undname.obj
 0001:00008a8e       ?getDataIndirectType@UnDecorator@@CA?AVDName@@ABV2@W4IndirectionKind@@0H@Z 00409a8e f   libvcruntime:undname.obj
 0001:0000922c       ?getDataIndirectType@UnDecorator@@CA?AVDName@@XZ 0040a22c f i libvcruntime:undname.obj
 0001:0000925a       ?getDataType@UnDecorator@@CA?AVDName@@PAV2@@Z 0040a25a f   libvcruntime:undname.obj
 0001:00009331       ?getDecoratedName@UnDecorator@@CA?AVDName@@XZ 0040a331 f   libvcruntime:undname.obj
 0001:00009585       ?getDimension@UnDecorator@@CA?AVDName@@_N@Z 0040a585 f   libvcruntime:undname.obj
 0001:0000968c       ?getDispatchTarget@UnDecorator@@CA?AVDName@@XZ 0040a68c f   libvcruntime:undname.obj
 0001:000096dd       ?getDisplacement@UnDecorator@@CA?AVDName@@XZ 0040a6dd f i libvcruntime:undname.obj
 0001:000096f1       ?getECSUDataType@UnDecorator@@CA?AVDName@@XZ 0040a6f1 f   libvcruntime:undname.obj
 0001:0000989b       ?getECSUName@UnDecorator@@CA?AVDName@@XZ 0040a89b f i libvcruntime:undname.obj
 0001:000098ac       ?getEnumType@UnDecorator@@CA?AVDName@@XZ 0040a8ac f i libvcruntime:undname.obj
 0001:000099cc       ?getExtendedDataIndirectType@UnDecorator@@CA?AVDName@@AAW4IndirectionKind@@AA_NH@Z 0040a9cc f   libvcruntime:undname.obj
 0001:00009b78       ?getExternalDataType@UnDecorator@@CA?AVDName@@ABV2@@Z 0040ab78 f i libvcruntime:undname.obj
 0001:00009bdd       ?getFloatingPoint@UnDecorator@@CA?AVDName@@H@Z 0040abdd f   libvcruntime:undname.obj
 0001:00009c9b       ?getFunctionIndirectType@UnDecorator@@CA?AVDName@@ABV2@@Z 0040ac9b f   libvcruntime:undname.obj
 0001:0000a045       ?getGuardNumber@UnDecorator@@CA?AVDName@@XZ 0040b045 f i libvcruntime:undname.obj
 0001:0000a059       ?getLastChar@DName@@QBEDXZ 0040b059 f i libvcruntime:undname.obj
 0001:0000a079       ?getLastChar@DNameStatusNode@@UBEDXZ 0040b079 f i libvcruntime:undname.obj
 0001:0000a085       ?getLastChar@charNode@@UBEDXZ 0040b085 f i libvcruntime:undname.obj
 0001:0000a089       ?getLastChar@pDNameNode@@UBEDXZ 0040b089 f i libvcruntime:undname.obj
 0001:0000a097       ?getLastChar@pairNode@@UBEDXZ 0040b097 f i libvcruntime:undname.obj
 0001:0000a0cc       ?getLastChar@pcharNode@@UBEDXZ 0040b0cc f i libvcruntime:undname.obj
 0001:0000a0de       ?getLexicalFrame@UnDecorator@@CA?AVDName@@XZ 0040b0de f i libvcruntime:undname.obj
 0001:0000a10f       ?getMemberAccess@UnDecorator@@CA?AVDName@@XZ 0040b10f f   libvcruntime:undname.obj
 0001:0000a17f       ?getMemoryWithBuffer@_HeapManager@@QAEPAXI@Z 0040b17f f   libvcruntime:undname.obj
 0001:0000a1e9       ?getMemoryWithoutBuffer@_HeapManager@@QAEPAXI@Z 0040b1e9 f   libvcruntime:undname.obj
 0001:0000a209       ?getNoexcept@UnDecorator@@CA?AVDName@@XZ 0040b209 f   libvcruntime:undname.obj
 0001:0000a251       ?getNumberOfDimensions@UnDecorator@@CAHXZ 0040b251 f   libvcruntime:undname.obj
 0001:0000a2b3       ?getOperatorName@UnDecorator@@CA?AVDName@@_NPA_N@Z 0040b2b3 f i libvcruntime:undname.obj
 0001:0000aadd       ?getPointerToMember@UnDecorator@@CA?AVDName@@XZ 0040badd f   libvcruntime:undname.obj
 0001:0000ab99       ?getPointerType@UnDecorator@@CA?AVDName@@ABV2@0@Z 0040bb99 f i libvcruntime:undname.obj
 0001:0000abb4       ?getPointerTypeArray@UnDecorator@@CA?AVDName@@ABV2@0@Z 0040bbb4 f i libvcruntime:undname.obj
 0001:0000abcf       ?getPrimaryDataType@UnDecorator@@CA?AVDName@@ABV2@@Z 0040bbcf f   libvcruntime:undname.obj
 0001:0000ae1d       ?getPtrRefDataType@UnDecorator@@CA?AVDName@@ABV2@H@Z 0040be1d f   libvcruntime:undname.obj
 0001:0000af8a       ?getPtrRefType@UnDecorator@@CA?AVDName@@ABV2@0W4IndirectionKind@@@Z 0040bf8a f   libvcruntime:undname.obj
 0001:0000b09b       ?getReferenceType@UnDecorator@@CA?AVDName@@ABV2@0W4IndirectionKind@@@Z 0040c09b f i libvcruntime:undname.obj
 0001:0000b0b7       ?getRestrictionSpec@UnDecorator@@CA?AVDName@@XZ 0040c0b7 f   libvcruntime:undname.obj
 0001:0000b1d0       ?getReturnType@UnDecorator@@CA?AVDName@@PAV2@@Z 0040c1d0 f   libvcruntime:undname.obj
 0001:0000b1ff       ?getScope@UnDecorator@@CA?AVDName@@XZ 0040c1ff f   libvcruntime:undname.obj
 0001:0000b5bd       ?getScopedName@UnDecorator@@CA?AVDName@@XZ 0040c5bd f   libvcruntime:undname.obj
 0001:0000b6b0       ?getSignedDimension@UnDecorator@@CA?AVDName@@XZ 0040c6b0 f   libvcruntime:undname.obj
 0001:0000b701       ?getStorageConvention@UnDecorator@@CA?AVDName@@XZ 0040c701 f i libvcruntime:undname.obj
 0001:0000b712       ?getString@DName@@QBEPADPAD0@Z 0040c712 f i libvcruntime:undname.obj
 0001:0000b73f       ?getString@DName@@QBEPADPADH@Z 0040c73f f i libvcruntime:undname.obj
 0001:0000b794       ?getString@DNameStatusNode@@UBEPADPAD0@Z 0040c794 f i libvcruntime:undname.obj
 0001:0000b7db       ?getString@charNode@@UBEPADPAD0@Z 0040c7db f i libvcruntime:undname.obj
 0001:0000b7f0       ?getString@pDNameNode@@UBEPADPAD0@Z 0040c7f0 f i libvcruntime:undname.obj
 0001:0000b807       ?getString@pairNode@@UBEPADPAD0@Z 0040c807 f i libvcruntime:undname.obj
 0001:0000b84d       ?getString@pcharNode@@UBEPADPAD0@Z 0040c84d f i libvcruntime:undname.obj
 0001:0000b868       ?getStringEncoding@UnDecorator@@CA?AVDName@@W4PrefixKind@@H@Z 0040c868 f   libvcruntime:undname.obj
 0001:0000b8fb       ?getStringHelper@@YAPADPADPBD1H@Z 0040c8fb f i libvcruntime:undname.obj
 0001:0000b925       ?getStringObject@UnDecorator@@CA?AVDName@@XZ 0040c925 f   libvcruntime:undname.obj
 0001:0000b970       ?getSymbolName@UnDecorator@@CA?AVDName@@XZ 0040c970 f i libvcruntime:undname.obj
 0001:0000b9b8       ?getTemplateArgumentList@UnDecorator@@CA?AVDName@@XZ 0040c9b8 f   libvcruntime:undname.obj
 0001:0000bb68       ?getTemplateName@UnDecorator@@CA?AVDName@@_N@Z 0040cb68 f   libvcruntime:undname.obj
 0001:0000bcc8       ?getTemplateNonTypeArgument@UnDecorator@@CA?AVDName@@XZ 0040ccc8 f   libvcruntime:undname.obj
 0001:0000c090       ?getTemplateTypeArgument@UnDecorator@@CA?AVDName@@XZ 0040d090 f   libvcruntime:undname.obj
 0001:0000c1a1       ?getThisType@UnDecorator@@CA?AVDName@@XZ 0040d1a1 f i libvcruntime:undname.obj
 0001:0000c1d0       ?getThrowTypes@UnDecorator@@CA?AVDName@@XZ 0040d1d0 f   libvcruntime:undname.obj
 0001:0000c1ef       ?getTypeEncoding@UnDecorator@@CAHXZ 0040d1ef f i libvcruntime:undname.obj
 0001:0000c52f       ?getUndecoratedName@UnDecorator@@QAEPADPADH@Z 0040d52f f i libvcruntime:undname.obj
 0001:0000c64e       ?getUnionObject@UnDecorator@@CA?AVDName@@XZ 0040d64e f   libvcruntime:undname.obj
 0001:0000c6f5       ?getVCallThunkType@UnDecorator@@CA?AVDName@@XZ 0040d6f5 f i libvcruntime:undname.obj
 0001:0000c73f       ?getValue@UnDecorator@@CA?AV?$optional@_K@std@@XZ 0040d73f f   libvcruntime:undname.obj
 0001:0000c7c7       ?getValueObject@UnDecorator@@CA?AVDName@@XZ 0040d7c7 f   libvcruntime:undname.obj
 0001:0000c8c1       ?getVbTableType@UnDecorator@@CA?AVDName@@ABV2@@Z 0040d8c1 f i libvcruntime:undname.obj
 0001:0000c8d6       ?getVdispMapType@UnDecorator@@CA?AVDName@@ABV2@@Z 0040d8d6 f i libvcruntime:undname.obj
 0001:0000c937       ?getVfTableType@UnDecorator@@CA?AVDName@@ABV2@@Z 0040d937 f i libvcruntime:undname.obj
 0001:0000ca8b       ?getZName@UnDecorator@@CA?AVDName@@_N0@Z 0040da8b f   libvcruntime:undname.obj
 0001:0000cca4       ?get_current_character_and_increment_buffer@UnDecorator@@CADXZ 0040dca4 f i libvcruntime:undname.obj
 0001:0000ccb8       ?haveTemplateParameters@UnDecorator@@SAHXZ 0040dcb8 f i libvcruntime:undname.obj
 0001:0000ccc3       ?increment_buffer@UnDecorator@@CA_NI@Z 0040dcc3 f i libvcruntime:undname.obj
 0001:0000cceb       ?increment_buffer_no_check@UnDecorator@@CAXI@Z 0040dceb f i libvcruntime:undname.obj
 0001:0000ccf9       ?increment_buffer_no_check@UnDecorator@@CAXXZ 0040dcf9 f i libvcruntime:undname.obj
 0001:0000cd00       ?isArray@DName@@QBEHXZ     0040dd00 f i libvcruntime:undname.obj
 0001:0000cd0a       ?isComArray@DName@@QBEHXZ  0040dd0a f i libvcruntime:undname.obj
 0001:0000cd14       ?isEmpty@DName@@QBEHXZ     0040dd14 f i libvcruntime:undname.obj
 0001:0000cd1c       ?isFull@Replicator@@QBEHXZ 0040dd1c f i libvcruntime:undname.obj
 0001:0000cd25       ?isNoTE@DName@@QBEHXZ      0040dd25 f i libvcruntime:undname.obj
 0001:0000cd2f       ?isPinPtr@DName@@QBEHXZ    0040dd2f f i libvcruntime:undname.obj
 0001:0000cd39       ?isPtrRef@DName@@QBEHXZ    0040dd39 f i libvcruntime:undname.obj
 0001:0000cd43       ?isUDC@DName@@QBEHXZ       0040dd43 f i libvcruntime:undname.obj
 0001:0000cd54       ?isUDTThunk@DName@@QBEHXZ  0040dd54 f i libvcruntime:undname.obj
 0001:0000cd65       ?isVCallThunk@DName@@QBEHXZ 0040dd65 f i libvcruntime:undname.obj
 0001:0000cd6f       ?isValid@DName@@QBEHXZ     0040dd6f f i libvcruntime:undname.obj
 0001:0000cd79       ?length@DName@@QBEHXZ      0040dd79 f i libvcruntime:undname.obj
 0001:0000cd98       ?length@DNameStatusNode@@UBEHXZ 0040dd98 f i libvcruntime:undname.obj
 0001:0000cd9c       ?length@charNode@@UBEHXZ   0040dd9c f i libvcruntime:undname.obj
 0001:0000cda0       ?length@pDNameNode@@UBEHXZ 0040dda0 f i libvcruntime:undname.obj
 0001:0000cdae       ?length@pairNode@@UBEHXZ   0040ddae f i libvcruntime:undname.obj
 0001:0000cdf7       ?length@pcharNode@@UBEHXZ  0040ddf7 f i libvcruntime:undname.obj
 0001:0000cdfb       ?make@DNameStatusNode@@SAPBV1@W4DNameStatus@@@Z 0040ddfb f i libvcruntime:undname.obj
 0001:0000ce17       ?parseDecoratedName@UnDecorator@@CA?AVDName@@XZ 0040de17 f   libvcruntime:undname.obj
 0001:0000cf12       ?raw_length@DNameStatusNode@@UBEHXZ 0040df12 f i libvcruntime:undname.obj
 0001:0000cf16       ?raw_length@charNode@@UBEHXZ 0040df16 f i libvcruntime:undname.obj
 0001:0000cf1a       ?raw_length@pDNameNode@@UBEHXZ 0040df1a f i libvcruntime:undname.obj
 0001:0000cf1e       ?raw_length@pairNode@@UBEHXZ 0040df1e f i libvcruntime:undname.obj
 0001:0000cf22       ?raw_length@pcharNode@@UBEHXZ 0040df22 f i libvcruntime:undname.obj
 0001:0000cf26       ?setIsArray@DName@@QAEXXZ  0040df26 f i libvcruntime:undname.obj
 0001:0000cf2e       ?setIsComArray@DName@@QAEXXZ 0040df2e f i libvcruntime:undname.obj
 0001:0000cf36       ?setIsNoTE@DName@@QAEXXZ   0040df36 f i libvcruntime:undname.obj
 0001:0000cf3e       ?setIsPinPtr@DName@@QAEXXZ 0040df3e f i libvcruntime:undname.obj
 0001:0000cf46       ?setIsUDC@DName@@QAEXXZ    0040df46 f i libvcruntime:undname.obj
 0001:0000cf53       ?setIsVCallThunk@DName@@QAEXXZ 0040df53 f i libvcruntime:undname.obj
 0001:0000cf5b       ?setPtrRef@DName@@QAEAAV1@XZ 0040df5b f i libvcruntime:undname.obj
 0001:0000cf65       ?status@DName@@QBE?AW4DNameStatus@@XZ 0040df65 f i libvcruntime:undname.obj
 0001:0000cfd1       ___unDName                 0040dfd1 f   libvcruntime:undname.obj
 0001:0000cff4       ___unDNameEx               0040dff4 f   libvcruntime:undname.obj
 0001:0000d093       __vsprintf_s_l             0040e093 f i libvcruntime:undname.obj
 0001:0000d0c0       _snprintf                  0040e0c0 f i libvcruntime:undname.obj
 0001:0000d0da       _sprintf_s                 0040e0da f i libvcruntime:undname.obj
 0001:0000d0f6       _unDNameGenerateCHPE       0040e0f6 f   libvcruntime:undname.obj
 0001:0000d193       _vsnprintf                 0040e193 f i libvcruntime:undname.obj
 0001:0000d1d0       __global_unwind2           0040e1d0 f   libvcruntime:exsup.obj
 0001:0000d250       __local_unwind2            0040e250 f   libvcruntime:exsup.obj
 0001:0000d2f0       __abnormal_termination     0040e2f0 f   libvcruntime:exsup.obj
 0001:0000d320       __NLG_Notify1              0040e320 f   libvcruntime:exsup.obj
 0001:0000d330       __NLG_Notify               0040e330 f   libvcruntime:exsup.obj
 0001:0000d347       __NLG_Dispatch             0040e347     libvcruntime:exsup.obj
 0001:0000d347       __NLG_Dispatch2            0040e347     libvcruntime:exsup.obj
 0001:0000d350       __NLG_Call                 0040e350 f   libvcruntime:exsup.obj
 0001:0000d352       __NLG_Return2              0040e352     libvcruntime:exsup.obj
 0001:0000d353       ??$__crt_interlocked_exchange_pointer@UHINSTANCE__@@PAU1@@@YAPAUHINSTANCE__@@PDSAU0@QAU0@@Z 0040e353 f i libvcruntime:winapi_downlevel.obj
 0001:0000d360       ??$__crt_interlocked_exchange_pointer@UHINSTANCE__@@PAX@@YAPAUHINSTANCE__@@PDSAU0@QAX@Z 0040e360 f i libvcruntime:winapi_downlevel.obj
 0001:0000d36d       ??$__crt_interlocked_exchange_pointer@XPAX@@YAPAXPDSAXQAX@Z 0040e36d f i libvcruntime:winapi_downlevel.obj
 0001:0000d37a       ??$__crt_interlocked_read_pointer@UHINSTANCE__@@@@YAPAUHINSTANCE__@@PDSAU0@@Z 0040e37a f i libvcruntime:winapi_downlevel.obj
 0001:0000d385       ??$__crt_interlocked_read_pointer@X@@YAPAXPDSAX@Z 0040e385 f i libvcruntime:winapi_downlevel.obj
 0001:0000d611       ___vcrt_FlsAlloc           0040e611 f   libvcruntime:winapi_downlevel.obj
 0001:0000d64c       ___vcrt_FlsFree            0040e64c f   libvcruntime:winapi_downlevel.obj
 0001:0000d687       ___vcrt_FlsGetValue        0040e687 f   libvcruntime:winapi_downlevel.obj
 0001:0000d6c2       ___vcrt_FlsSetValue        0040e6c2 f   libvcruntime:winapi_downlevel.obj
 0001:0000d700       ___vcrt_InitializeCriticalSectionEx 0040e700 f   libvcruntime:winapi_downlevel.obj
 0001:0000d747       ??$__crt_interlocked_exchange_pointer@$$A6AXXZP6AXXZ@@YAP6AXXZPDS6AXXZQ6AXXZ@Z 0040e747 f i libvcruntime:purevirt.obj
 0001:0000d754       ??$__crt_interlocked_read_pointer@$$A6AXXZ@@YAP6AXXZPDS6AXXZ@Z 0040e754 f i libvcruntime:purevirt.obj
 0001:0000d75f       __get_purecall_handler     0040e75f f   libvcruntime:purevirt.obj
 0001:0000d766       __purecall                 0040e766 f   libvcruntime:purevirt.obj
 0001:0000d782       __set_purecall_handler     0040e782 f   libvcruntime:purevirt.obj
 0001:0000d791       ??$?0AAViterator@TryBlockMap@__FrameHandler3@@AAV012@$0A@@?$pair@Viterator@TryBlockMap@__FrameHandler3@@V123@@std@@QAE@AAViterator@TryBlockMap@__FrameHandler3@@0@Z 0040e791 f i libvcruntime:trnsctrl.obj
 0001:0000d7b5       ??$forward@AAViterator@TryBlockMap@__FrameHandler3@@@std@@YAAAViterator@TryBlockMap@__FrameHandler3@@AAV123@@Z 0040e7b5 f i libvcruntime:trnsctrl.obj
 0001:0000d7bd       ??0iterator@TryBlockMap@__FrameHandler3@@QAE@AAV12@I@Z 0040e7bd f i libvcruntime:trnsctrl.obj
 0001:0000d7d1       ?GetRangeOfTrysToCheck@__FrameHandler3@@SA?AU?$pair@Viterator@TryBlockMap@__FrameHandler3@@V123@@std@@AAVTryBlockMap@1@HPAXPBU_s_FuncInfo@@H@Z 0040e7d1 f   libvcruntime:trnsctrl.obj
 0001:0000d841       ?_CallCatchBlock2@@YAPAXPAUEHRegistrationNode@@PBU_s_FuncInfo@@PAXHK@Z 0040e841 f   libvcruntime:trnsctrl.obj
 0001:0000d89e       ?_CallSETranslator@@YAHPAUEHExceptionRecord@@PAUEHRegistrationNode@@PAX2PBU_s_FuncInfo@@H1@Z 0040e89e f   libvcruntime:trnsctrl.obj
 0001:0000d994       ?_JumpToContinuation@@YGXPAXPAUEHRegistrationNode@@@Z 0040e994 f   libvcruntime:trnsctrl.obj
 0001:0000d9c4       ?_UnwindNestedFrames@@YGXPAUEHRegistrationNode@@PAUEHExceptionRecord@@@Z 0040e9c4 f   libvcruntime:trnsctrl.obj
 0001:0000da17       __CatchGuardHandler        0040ea17 f   libvcruntime:trnsctrl.obj
 0001:0000da48       __CreateFrameInfo          0040ea48 f   libvcruntime:trnsctrl.obj
 0001:0000da6c       __FindAndUnlinkFrame       0040ea6c f   libvcruntime:trnsctrl.obj
 0001:0000dab4       __TranslatorGuardHandler   0040eab4 f   libvcruntime:trnsctrl.obj
 0001:0000db51       ___CxxFrameHandler         0040eb51 f   libvcruntime:trnsctrl.obj
 0001:0000db87       ___CxxFrameHandler2        0040eb87 f   libvcruntime:trnsctrl.obj
 0001:0000dbbd       ___CxxFrameHandler3        0040ebbd f   libvcruntime:trnsctrl.obj
 0001:0000dbf3       ___CxxLongjmpUnwind@4      0040ebf3 f   libvcruntime:trnsctrl.obj
 0001:0000e34a       ??$TypeMatchHelper@V__FrameHandler3@@@@YAHPBU_s_HandlerType@@PBU_s_CatchableType@@PBU_s_ThrowInfo@@@Z 0040f34a f i libvcruntime:frame.obj
 0001:0000e3d8       ??$__InternalCxxFrameHandler@V__FrameHandler3@@@@YA?AW4_EXCEPTION_DISPOSITION@@PAUEHExceptionRecord@@PAUEHRegistrationNode@@PAU_CONTEXT@@PAXPBU_s_FuncInfo@@H1E@Z 0040f3d8 f i libvcruntime:frame.obj
 0001:0000e4da       ??$__InternalCxxFrameHandlerWrapper@V__FrameHandler3@@@@YA?AW4_EXCEPTION_DISPOSITION@@PAUEHExceptionRecord@@PAUEHRegistrationNode@@PAU_CONTEXT@@PAXPBU_s_FuncInfo@@H1E@Z 0040f4da f i libvcruntime:frame.obj
 0001:0000e4e3       ??0HandlerMap@__FrameHandler3@@QAE@PBU_s_TryBlockMapEntry@@II@Z 0040f4e3 f i libvcruntime:frame.obj
 0001:0000e4fa       ??0TryBlockMap@__FrameHandler3@@QAE@PBU_s_FuncInfo@@I@Z 0040f4fa f i libvcruntime:frame.obj
 0001:0000e50e       ??0bad_exception@std@@QAE@ABV01@@Z 0040f50e f i libvcruntime:frame.obj
 0001:0000e529       ??0bad_exception@std@@QAE@XZ 0040f529 f i libvcruntime:frame.obj
 0001:0000e541       ??0iterator@HandlerMap@__FrameHandler3@@QAE@AAV12@I@Z 0040f541 f i libvcruntime:frame.obj
 0001:0000e555       ??1bad_exception@std@@UAE@XZ 0040f555 f i libvcruntime:frame.obj
 0001:0000e566       ??8iterator@HandlerMap@__FrameHandler3@@QBE_NABV012@@Z 0040f566 f i libvcruntime:frame.obj
 0001:0000e579       ??8type_info@@QBE_NABV0@@Z 0040f579 f i libvcruntime:frame.obj
 0001:0000e598       ??9iterator@HandlerMap@__FrameHandler3@@QBE_NABV012@@Z 0040f598 f i libvcruntime:frame.obj
 0001:0000e5ab       ??Diterator@HandlerMap@__FrameHandler3@@QAE?BU_s_HandlerType@@XZ 0040f5ab f i libvcruntime:frame.obj
 0001:0000e5ca       ??Diterator@TryBlockMap@__FrameHandler3@@QAE?BU_s_TryBlockMapEntry@@XZ 0040f5ca f i libvcruntime:frame.obj
 0001:0000e5ec       ??Eiterator@HandlerMap@__FrameHandler3@@QAEAAV012@XZ 0040f5ec f i libvcruntime:frame.obj
 0001:0000e5f2       ??Eiterator@TryBlockMap@__FrameHandler3@@QAEAAV012@XZ 0040f5f2 f i libvcruntime:frame.obj
 0001:0000e5f8       ??Miterator@TryBlockMap@__FrameHandler3@@QBE_NABV012@@Z 0040f5f8 f i libvcruntime:frame.obj
 0001:0000e60b       ??_Ebad_exception@std@@UAEPAXI@Z 0040f60b f i libvcruntime:frame.obj
 0001:0000e60b       ??_Gbad_exception@std@@UAEPAXI@Z 0040f60b f i libvcruntime:frame.obj
 0001:0000e638       ?BuildCatchObject@__FrameHandler3@@SAXPAUEHExceptionRecord@@PAXPBU_s_HandlerType@@PBU_s_CatchableType@@@Z 0040f638 f   libvcruntime:frame.obj
 0001:0000e63d       ?BuildCatchObjectHelper@__FrameHandler3@@SAHPAUEHExceptionRecord@@PAXPBU_s_HandlerType@@PBU_s_CatchableType@@@Z 0040f63d f   libvcruntime:frame.obj
 0001:0000e89e       ?FrameUnwindToEmptyState@__FrameHandler3@@SAXPAUEHRegistrationNode@@PAXPBU_s_FuncInfo@@@Z 0040f89e f   libvcruntime:frame.obj
 0001:0000e8b6       ?FrameUnwindToState@__FrameHandler3@@SAXPAUEHRegistrationNode@@PAXPBU_s_FuncInfo@@H@Z 0040f8b6 f   libvcruntime:frame.obj
 0001:0000e99e       ?GetMaxState@__FrameHandler3@@SAHPAXPBU_s_FuncInfo@@@Z 0040f99e f i libvcruntime:frame.obj
 0001:0000ea7c       ?TypeMatch@__FrameHandler3@@SAHPBU_s_HandlerType@@PBU_s_CatchableType@@PBU_s_ThrowInfo@@@Z 0040fa7c f   libvcruntime:frame.obj
 0001:0000ea85       ?_CallMemberFunction1@@YGXQAX00@Z 0040fa85 f i libvcruntime:frame.obj
 0001:0000ea95       ?_CallMemberFunction2@@YGXQAX00H@Z 0040fa95 f i libvcruntime:frame.obj
 0001:0000eaa8       ?begin@HandlerMap@__FrameHandler3@@QAE?AViterator@12@XZ 0040faa8 f i libvcruntime:frame.obj
 0001:0000eab8       ?end@HandlerMap@__FrameHandler3@@QAE?AViterator@12@XZ 0040fab8 f i libvcruntime:frame.obj
 0001:0000eac9       ?getESTypes@__FrameHandler3@@SAPBU_s_ESTypeList@@PBU_s_FuncInfo@@@Z 0040fac9 f i libvcruntime:frame.obj
 0001:0000ead4       ?getLastEntry@HandlerMap@__FrameHandler3@@QAEPBU_s_HandlerType@@XZ 0040fad4 f i libvcruntime:frame.obj
 0001:0000eae2       ?getMagicNum@__FrameHandler3@@SAIPBU_s_FuncInfo@@@Z 0040fae2 f i libvcruntime:frame.obj
 0001:0000eaf1       ?getNumTryBlocks@TryBlockMap@__FrameHandler3@@QAEIXZ 0040faf1 f i libvcruntime:frame.obj
 0001:0000eaf7       ?isEHs@__FrameHandler3@@SA_NPBU_s_FuncInfo@@@Z 0040faf7 f i libvcruntime:frame.obj
 0001:0000eb04       ?isNoExcept@__FrameHandler3@@SA_NPBU_s_FuncInfo@@@Z 0040fb04 f i libvcruntime:frame.obj
 0001:0000eb14       ___BuildCatchObject        0040fb14 f   libvcruntime:frame.obj
 0001:0000eb19       ___BuildCatchObjectHelper  0040fb19 f   libvcruntime:frame.obj
 0001:0000eb22       ___TypeMatch               0040fb22 f   libvcruntime:frame.obj
 0001:0000eb2b       ___vcrt_EncodePointer      0040fb2b f i libvcruntime:frame.obj
 0001:0000eb40       __CallSettingFrame@12      0040fb40 f   libvcruntime:lowhelpr.obj
 0001:0000eb67       __NLG_Return               0040fb67     libvcruntime:lowhelpr.obj
 0001:0000eba0       __get_unexpected           0040fba0 f   libvcruntime:unexpected.obj
 0001:0000ebb2       _set_unexpected            0040fbb2 f   libvcruntime:unexpected.obj
 0001:0000ebd0       _unexpected                0040fbd0 f   libvcruntime:unexpected.obj
 0001:0000ebed       ?GetCurrentState@__FrameHandler3@@SAHPAUEHRegistrationNode@@PAXPBU_s_FuncInfo@@@Z 0040fbed f   libvcruntime:ehstate.obj
 0001:0000ec0a       ?SetState@__FrameHandler3@@SAXPAUEHRegistrationNode@@PBU_s_FuncInfo@@H@Z 0040fc0a f   libvcruntime:ehstate.obj
 0001:0000ec20       _strncpy                   0040fc20 f   libucrt:strncpy.obj
 0001:0000ed44       ??$?RPAU__crt_stdio_stream_data@@@__crt_internal_free_policy@@QBEXQBQAU__crt_stdio_stream_data@@@Z 0040fd44 f i libucrt:_file.obj
 0001:0000ed56       ??0?$__crt_unique_heap_ptr@PAU__crt_stdio_stream_data@@U__crt_internal_free_policy@@@@QAE@QAPAU__crt_stdio_stream_data@@@Z 0040fd56 f i libucrt:_file.obj
 0001:0000ed66       ??0__crt_stdio_stream@@QAE@QAU_iobuf@@@Z 0040fd66 f i libucrt:_file.obj
 0001:0000ed76       ??1?$__crt_unique_heap_ptr@PAU__crt_stdio_stream_data@@U__crt_internal_free_policy@@@@QAE@XZ 0040fd76 f i libucrt:_file.obj
 0001:0000ed88       ??C__crt_stdio_stream@@QBEPAU__crt_stdio_stream_data@@XZ 0040fd88 f i libucrt:_file.obj
 0001:0000ed8b       ?detach@?$__crt_unique_heap_ptr@PAU__crt_stdio_stream_data@@U__crt_internal_free_policy@@@@QAEPAPAU__crt_stdio_stream_data@@XZ 0040fd8b f i libucrt:_file.obj
 0001:0000ed91       ?release@?$__crt_unique_heap_ptr@PAU__crt_stdio_stream_data@@U__crt_internal_free_policy@@@@QAEXXZ 0040fd91 f i libucrt:_file.obj
 0001:0000eda3       ___acrt_initialize_stdio   0040fda3 f   libucrt:_file.obj
 0001:0000ee6b       ___acrt_iob_func           0040fe6b f   libucrt:_file.obj
 0001:0000ee7b       ___acrt_uninitialize_stdio 0040fe7b f   libucrt:_file.obj
 0001:0000eec7       __get_stream_buffer_pointers 0040fec7 f   libucrt:_file.obj
 0001:0000ef0d       __lock_file                0040ff0d f   libucrt:_file.obj
 0001:0000ef21       __unlock_file              0040ff21 f   libucrt:_file.obj
 0001:0000ef35       ??$__crt_interlocked_read@J@@YAJPDJ@Z 0040ff35 f i libucrt:fclose.obj
 0001:0000ef42       ??0?$cached@H@__crt_cached_ptd_host@@QAE@XZ 0040ff42 f i libucrt:fclose.obj
 0001:0000ef49       ??0?$cached@K@__crt_cached_ptd_host@@QAE@XZ 0040ff49 f i libucrt:fclose.obj
 0001:0000ef50       ??0__crt_cached_ptd_host@@QAE@QAU__crt_locale_pointers@@@Z 0040ff50 f i libucrt:fclose.obj
 0001:0000ef98       ??0__crt_scoped_get_last_error_reset@@QAE@XZ 0040ff98 f i libucrt:fclose.obj
 0001:0000efa9       ??1__crt_cached_ptd_host@@QAE@XZ 0040ffa9 f i libucrt:fclose.obj
 0001:0000efe5       ??1__crt_scoped_get_last_error_reset@@QAE@XZ 0040ffe5 f i libucrt:fclose.obj
 0001:0000f113       ?check_synchronize_global_state_index@__crt_cached_ptd_host@@AAEIABV__crt_scoped_get_last_error_reset@@@Z 00410113 f i libucrt:fclose.obj
 0001:0000f12b       ?check_synchronize_per_thread_data@__crt_cached_ptd_host@@AAEPAU__acrt_ptd@@XZ 0041012b f i libucrt:fclose.obj
 0001:0000f148       ?force_synchronize_global_state_index@__crt_cached_ptd_host@@AAEIABV__crt_scoped_get_last_error_reset@@@Z 00410148 f i libucrt:fclose.obj
 0001:0000f155       ?force_synchronize_per_thread_data@__crt_cached_ptd_host@@AAEPAU__acrt_ptd@@XZ 00410155 f i libucrt:fclose.obj
 0001:0000f19b       ?get_current_state_index@__crt_state_management@@YAIABV__crt_scoped_get_last_error_reset@@@Z 0041019b f i libucrt:fclose.obj
 0001:0000f19e       ?get_errno@__crt_cached_ptd_host@@QAEAAU?$cached@H@1@XZ 0041019e f i libucrt:fclose.obj
 0001:0000f1a2       ?get_flags@__crt_stdio_stream@@QBEJXZ 004101a2 f i libucrt:fclose.obj
 0001:0000f1a9       ?get_raw_ptd@__crt_cached_ptd_host@@QAEPAU__acrt_ptd@@XZ 004101a9 f i libucrt:fclose.obj
 0001:0000f1c6       ?is_in_use@__crt_stdio_stream@@QBE_NXZ 004101c6 f i libucrt:fclose.obj
 0001:0000f1d2       ?is_string_backed@__crt_stdio_stream@@QBE_NXZ 004101d2 f i libucrt:fclose.obj
 0001:0000f1de       ?public_stream@__crt_stdio_stream@@QBEPAU_iobuf@@XZ 004101de f i libucrt:fclose.obj
 0001:0000f1e1       ?set@?$cached@H@__crt_cached_ptd_host@@QAEHH@Z 004101e1 f i libucrt:fclose.obj
 0001:0000f1f3       ?unsafe_value@?$cached@H@__crt_cached_ptd_host@@QAEHXZ 004101f3 f i libucrt:fclose.obj
 0001:0000f1f6       ?unsafe_value@?$cached@K@__crt_cached_ptd_host@@QAEKXZ 004101f6 f i libucrt:fclose.obj
 0001:0000f1f9       ?valid@?$cached@H@__crt_cached_ptd_host@@QBE_NXZ 004101f9 f i libucrt:fclose.obj
 0001:0000f1fd       ?valid@?$cached@K@__crt_cached_ptd_host@@QBE_NXZ 004101fd f i libucrt:fclose.obj
 0001:0000f201       ?valid@__crt_stdio_stream@@QBE_NXZ 00410201 f i libucrt:fclose.obj
 0001:0000f208       ___acrt_enable_global_locale_sync 00410208 f i libucrt:fclose.obj
 0001:0000f21d       ___acrt_locale_changed     0041021d f i libucrt:fclose.obj
 0001:0000f228       __fclose_nolock            00410228 f   libucrt:fclose.obj
 0001:0000f258       _fclose                    00410258 f   libucrt:fclose.obj
 0001:0000f40d       ??$getc_nolock@PAU_iobuf@@@?$__crt_char_traits@D@@SAH$$QAPAU_iobuf@@@Z 0041040d f i libucrt:fgets.obj
 0001:0000f41f       ??$getc_nolock@PAU_iobuf@@@?$__crt_char_traits@_W@@SAG$$QAPAU_iobuf@@@Z 0041041f f i libucrt:fgets.obj
 0001:0000f431       ?validate_stream_is_ansi_if_required@?$__acrt_stdio_char_traits@D@@SA_NQAU_iobuf@@@Z 00410431 f i libucrt:fgets.obj
 0001:0000f4b8       ?validate_stream_is_ansi_if_required@?$__acrt_stdio_char_traits@_W@@SA_NQAU_iobuf@@@Z 004104b8 f i libucrt:fgets.obj
 0001:0000f4bb       _fgets                     004104bb f   libucrt:fgets.obj
 0001:0000f4c6       _fgetws                    004104c6 f   libucrt:fgets.obj
 0001:0000f6cc       ??$open_file@ABQBDABQBDABHPAU_iobuf@@@?$__crt_char_traits@D@@SAPAU_iobuf@@ABQBD0ABH$$QAPAU1@@Z 004106cc f i libucrt:fopen.obj
 0001:0000f6ef       ??$open_file@ABQB_WABQB_WABHPAU_iobuf@@@?$__crt_char_traits@_W@@SAPAU_iobuf@@ABQB_W0ABH$$QAPAU1@@Z 004106ef f i libucrt:fopen.obj
 0001:0000f712       ?unlock@__crt_stdio_stream@@QBEXXZ 00410712 f i libucrt:fopen.obj
 0001:0000f71b       __fsopen                   0041071b f   libucrt:fopen.obj
 0001:0000f726       __wfopen                   00410726 f   libucrt:fopen.obj
 0001:0000f73d       __wfopen_s                 0041073d f   libucrt:fopen.obj
 0001:0000f784       __wfsopen                  00410784 f   libucrt:fopen.obj
 0001:0000f78f       _fopen                     0041078f f   libucrt:fopen.obj
 0001:0000f7a6       _fopen_s                   004107a6 f   libucrt:fopen.obj
 0001:0000f7ed       ??$?0ABV?$stream_output_adapter@D@__crt_stdio_output@@AB_KABQBDAAV__crt_cached_ptd_host@@ABQAD@?$format_validation_base@DV?$stream_output_adapter@D@__crt_stdio_output@@@__crt_stdio_output@@IAE@ABV?$stream_output_adapter@D@1@AB_KABQBDAAV__crt_cached_ptd_host@@ABQAD@Z 004107ed f i libucrt:output.obj
 0001:0000f810       ??$?0ABV?$stream_output_adapter@D@__crt_stdio_output@@AB_KABQBDAAV__crt_cached_ptd_host@@ABQAD@?$positional_parameter_base@DV?$stream_output_adapter@D@__crt_stdio_output@@@__crt_stdio_output@@IAE@ABV?$stream_output_adapter@D@1@AB_KABQBDAAV__crt_cached_ptd_host@@ABQAD@Z 00410810 f i libucrt:output.obj
 0001:0000f858       ??$?0ABV?$stream_output_adapter@D@__crt_stdio_output@@AB_KABQBDAAV__crt_cached_ptd_host@@ABQAD@?$standard_base@DV?$stream_output_adapter@D@__crt_stdio_output@@@__crt_stdio_output@@IAE@ABV?$stream_output_adapter@D@1@AB_KABQBDAAV__crt_cached_ptd_host@@ABQAD@Z 00410858 f i libucrt:output.obj
 0001:0000f88b       ??$?0ABV?$stream_output_adapter@_W@__crt_stdio_output@@AB_KABQB_WAAV__crt_cached_ptd_host@@ABQAD@?$format_validation_base@_WV?$stream_output_adapter@_W@__crt_stdio_output@@@__crt_stdio_output@@IAE@ABV?$stream_output_adapter@_W@1@AB_KABQB_WAAV__crt_cached_ptd_host@@ABQAD@Z 0041088b f i libucrt:output.obj
 0001:0000f8ae       ??$?0ABV?$stream_output_adapter@_W@__crt_stdio_output@@AB_KABQB_WAAV__crt_cached_ptd_host@@ABQAD@?$positional_parameter_base@_WV?$stream_output_adapter@_W@__crt_stdio_output@@@__crt_stdio_output@@IAE@ABV?$stream_output_adapter@_W@1@AB_KABQB_WAAV__crt_cached_ptd_host@@ABQAD@Z 004108ae f i libucrt:output.obj
 0001:0000f8f6       ??$?0ABV?$stream_output_adapter@_W@__crt_stdio_output@@AB_KABQB_WAAV__crt_cached_ptd_host@@ABQAD@?$standard_base@_WV?$stream_output_adapter@_W@__crt_stdio_output@@@__crt_stdio_output@@IAE@ABV?$stream_output_adapter@_W@1@AB_KABQB_WAAV__crt_cached_ptd_host@@ABQAD@Z 004108f6 f i libucrt:output.obj
 0001:0000f929       ??$?0ABV?$string_output_adapter@D@__crt_stdio_output@@AB_KABQBDAAV__crt_cached_ptd_host@@ABQAD@?$format_validation_base@DV?$string_output_adapter@D@__crt_stdio_output@@@__crt_stdio_output@@IAE@ABV?$string_output_adapter@D@1@AB_KABQBDAAV__crt_cached_ptd_host@@ABQAD@Z 00410929 f i libucrt:output.obj
 0001:0000f94c       ??$?0ABV?$string_output_adapter@D@__crt_stdio_output@@AB_KABQBDAAV__crt_cached_ptd_host@@ABQAD@?$positional_parameter_base@DV?$string_output_adapter@D@__crt_stdio_output@@@__crt_stdio_output@@IAE@ABV?$string_output_adapter@D@1@AB_KABQBDAAV__crt_cached_ptd_host@@ABQAD@Z 0041094c f i libucrt:output.obj
 0001:0000f994       ??$?0ABV?$string_output_adapter@D@__crt_stdio_output@@AB_KABQBDAAV__crt_cached_ptd_host@@ABQAD@?$standard_base@DV?$string_output_adapter@D@__crt_stdio_output@@@__crt_stdio_output@@IAE@ABV?$string_output_adapter@D@1@AB_KABQBDAAV__crt_cached_ptd_host@@ABQAD@Z 00410994 f i libucrt:output.obj
 0001:0000f9c7       ??$?0ABV?$string_output_adapter@_W@__crt_stdio_output@@AB_KABQB_WAAV__crt_cached_ptd_host@@ABQAD@?$format_validation_base@_WV?$string_output_adapter@_W@__crt_stdio_output@@@__crt_stdio_output@@IAE@ABV?$string_output_adapter@_W@1@AB_KABQB_WAAV__crt_cached_ptd_host@@ABQAD@Z 004109c7 f i libucrt:output.obj
 0001:0000f9ea       ??$?0ABV?$string_output_adapter@_W@__crt_stdio_output@@AB_KABQB_WAAV__crt_cached_ptd_host@@ABQAD@?$positional_parameter_base@_WV?$string_output_adapter@_W@__crt_stdio_output@@@__crt_stdio_output@@IAE@ABV?$string_output_adapter@_W@1@AB_KABQB_WAAV__crt_cached_ptd_host@@ABQAD@Z 004109ea f i libucrt:output.obj
 0001:0000fa32       ??$?0ABV?$string_output_adapter@_W@__crt_stdio_output@@AB_KABQB_WAAV__crt_cached_ptd_host@@ABQAD@?$standard_base@_WV?$string_output_adapter@_W@__crt_stdio_output@@@__crt_stdio_output@@IAE@ABV?$string_output_adapter@_W@1@AB_KABQB_WAAV__crt_cached_ptd_host@@ABQAD@Z 00410a32 f i libucrt:output.obj
 0001:0000fd6b       ??$_tcstol_internal@DPAPAD$0A@@@YAJAAV__crt_cached_ptd_host@@QBDQAPADH@Z 00410d6b f i libucrt:output.obj
 0001:0000fd96       ??$_tcstol_internal@_WPAPA_W$0A@@@YAJAAV__crt_cached_ptd_host@@QB_WQAPA_WH@Z 00410d96 f i libucrt:output.obj
 0001:00010cf0       ??$count@D@formatting_buffer@__crt_stdio_output@@QBEIXZ 00411cf0 f i libucrt:output.obj
 0001:00010d08       ??$count@_W@formatting_buffer@__crt_stdio_output@@QBEIXZ 00411d08 f i libucrt:output.obj
 0001:00010d21       ??$data@D@formatting_buffer@__crt_stdio_output@@QAEPADXZ 00411d21 f i libucrt:output.obj
 0001:00010d2e       ??$data@_W@formatting_buffer@__crt_stdio_output@@QAEPA_WXZ 00411d2e f i libucrt:output.obj
 0001:00010d3b       ??$ensure_buffer_is_big_enough@D@formatting_buffer@__crt_stdio_output@@QAE_NIAAV__crt_cached_ptd_host@@@Z 00411d3b f i libucrt:output.obj
 0001:00010dbc       ??$ensure_buffer_is_big_enough@_W@formatting_buffer@__crt_stdio_output@@QAE_NIAAV__crt_cached_ptd_host@@@Z 00411dbc f i libucrt:output.obj
 0001:00010e3e       ??$extract_argument_from_va_list@C_J@?$positional_parameter_base@DV?$stream_output_adapter@D@__crt_stdio_output@@@__crt_stdio_output@@IAE_NAA_J@Z 00411e3e f i libucrt:output.obj
 0001:00010ec6       ??$extract_argument_from_va_list@C_J@?$positional_parameter_base@DV?$string_output_adapter@D@__crt_stdio_output@@@__crt_stdio_output@@IAE_NAA_J@Z 00411ec6 f i libucrt:output.obj
 0001:00010f4e       ??$extract_argument_from_va_list@C_J@?$positional_parameter_base@_WV?$stream_output_adapter@_W@__crt_stdio_output@@@__crt_stdio_output@@IAE_NAA_J@Z 00411f4e f i libucrt:output.obj
 0001:00010fd7       ??$extract_argument_from_va_list@C_J@?$positional_parameter_base@_WV?$string_output_adapter@_W@__crt_stdio_output@@@__crt_stdio_output@@IAE_NAA_J@Z 00411fd7 f i libucrt:output.obj
 0001:00011060       ??$extract_argument_from_va_list@C_J@?$standard_base@DV?$stream_output_adapter@D@__crt_stdio_output@@@__crt_stdio_output@@IAE_NAA_J@Z 00412060 f i libucrt:output.obj
 0001:0001107f       ??$extract_argument_from_va_list@C_J@?$standard_base@DV?$string_output_adapter@D@__crt_stdio_output@@@__crt_stdio_output@@IAE_NAA_J@Z 0041207f f i libucrt:output.obj
 0001:0001109e       ??$extract_argument_from_va_list@C_J@?$standard_base@_WV?$stream_output_adapter@_W@__crt_stdio_output@@@__crt_stdio_output@@IAE_NAA_J@Z 0041209e f i libucrt:output.obj
 0001:000110bd       ??$extract_argument_from_va_list@C_J@?$standard_base@_WV?$string_output_adapter@_W@__crt_stdio_output@@@__crt_stdio_output@@IAE_NAA_J@Z 004120bd f i libucrt:output.obj
 0001:000110dc       ??$extract_argument_from_va_list@E_J@?$positional_parameter_base@DV?$stream_output_adapter@D@__crt_stdio_output@@@__crt_stdio_output@@IAE_NAA_J@Z 004120dc f i libucrt:output.obj
 0001:00011164       ??$extract_argument_from_va_list@E_J@?$positional_parameter_base@DV?$string_output_adapter@D@__crt_stdio_output@@@__crt_stdio_output@@IAE_NAA_J@Z 00412164 f i libucrt:output.obj
 0001:000111ec       ??$extract_argument_from_va_list@E_J@?$positional_parameter_base@_WV?$stream_output_adapter@_W@__crt_stdio_output@@@__crt_stdio_output@@IAE_NAA_J@Z 004121ec f i libucrt:output.obj
 0001:00011275       ??$extract_argument_from_va_list@E_J@?$positional_parameter_base@_WV?$string_output_adapter@_W@__crt_stdio_output@@@__crt_stdio_output@@IAE_NAA_J@Z 00412275 f i libucrt:output.obj
 0001:000112fe       ??$extract_argument_from_va_list@E_J@?$standard_base@DV?$stream_output_adapter@D@__crt_stdio_output@@@__crt_stdio_output@@IAE_NAA_J@Z 004122fe f i libucrt:output.obj
 0001:0001131d       ??$extract_argument_from_va_list@E_J@?$standard_base@DV?$string_output_adapter@D@__crt_stdio_output@@@__crt_stdio_output@@IAE_NAA_J@Z 0041231d f i libucrt:output.obj
 0001:0001133c       ??$extract_argument_from_va_list@E_J@?$standard_base@_WV?$stream_output_adapter@_W@__crt_stdio_output@@@__crt_stdio_output@@IAE_NAA_J@Z 0041233c f i libucrt:output.obj
 0001:0001135b       ??$extract_argument_from_va_list@E_J@?$standard_base@_WV?$string_output_adapter@_W@__crt_stdio_output@@@__crt_stdio_output@@IAE_NAA_J@Z 0041235b f i libucrt:output.obj
 0001:0001137a       ??$extract_argument_from_va_list@F_J@?$positional_parameter_base@DV?$stream_output_adapter@D@__crt_stdio_output@@@__crt_stdio_output@@IAE_NAA_J@Z 0041237a f i libucrt:output.obj
 0001:00011402       ??$extract_argument_from_va_list@F_J@?$positional_parameter_base@DV?$string_output_adapter@D@__crt_stdio_output@@@__crt_stdio_output@@IAE_NAA_J@Z 00412402 f i libucrt:output.obj
 0001:0001148a       ??$extract_argument_from_va_list@F_J@?$positional_parameter_base@_WV?$stream_output_adapter@_W@__crt_stdio_output@@@__crt_stdio_output@@IAE_NAA_J@Z 0041248a f i libucrt:output.obj
 0001:00011513       ??$extract_argument_from_va_list@F_J@?$positional_parameter_base@_WV?$string_output_adapter@_W@__crt_stdio_output@@@__crt_stdio_output@@IAE_NAA_J@Z 00412513 f i libucrt:output.obj
 0001:0001159c       ??$extract_argument_from_va_list@F_J@?$standard_base@DV?$stream_output_adapter@D@__crt_stdio_output@@@__crt_stdio_output@@IAE_NAA_J@Z 0041259c f i libucrt:output.obj
 0001:000115bb       ??$extract_argument_from_va_list@F_J@?$standard_base@DV?$string_output_adapter@D@__crt_stdio_output@@@__crt_stdio_output@@IAE_NAA_J@Z 004125bb f i libucrt:output.obj
 0001:000115da       ??$extract_argument_from_va_list@F_J@?$standard_base@_WV?$stream_output_adapter@_W@__crt_stdio_output@@@__crt_stdio_output@@IAE_NAA_J@Z 004125da f i libucrt:output.obj
 0001:000115f9       ??$extract_argument_from_va_list@F_J@?$standard_base@_WV?$string_output_adapter@_W@__crt_stdio_output@@@__crt_stdio_output@@IAE_NAA_J@Z 004125f9 f i libucrt:output.obj
 0001:00011618       ??$extract_argument_from_va_list@GD@?$positional_parameter_base@DV?$stream_output_adapter@D@__crt_stdio_output@@@__crt_stdio_output@@IAE_NAAD@Z 00412618 f i libucrt:output.obj
 0001:0001169f       ??$extract_argument_from_va_list@GD@?$positional_parameter_base@DV?$string_output_adapter@D@__crt_stdio_output@@@__crt_stdio_output@@IAE_NAAD@Z 0041269f f i libucrt:output.obj
 0001:00011726       ??$extract_argument_from_va_list@GD@?$standard_base@DV?$stream_output_adapter@D@__crt_stdio_output@@@__crt_stdio_output@@IAE_NAAD@Z 00412726 f i libucrt:output.obj
 0001:00011740       ??$extract_argument_from_va_list@GD@?$standard_base@DV?$string_output_adapter@D@__crt_stdio_output@@@__crt_stdio_output@@IAE_NAAD@Z 00412740 f i libucrt:output.obj
 0001:0001175a       ??$extract_argument_from_va_list@G_J@?$positional_parameter_base@DV?$stream_output_adapter@D@__crt_stdio_output@@@__crt_stdio_output@@IAE_NAA_J@Z 0041275a f i libucrt:output.obj
 0001:000117e2       ??$extract_argument_from_va_list@G_J@?$positional_parameter_base@DV?$string_output_adapter@D@__crt_stdio_output@@@__crt_stdio_output@@IAE_NAA_J@Z 004127e2 f i libucrt:output.obj
 0001:0001186a       ??$extract_argument_from_va_list@G_J@?$positional_parameter_base@_WV?$stream_output_adapter@_W@__crt_stdio_output@@@__crt_stdio_output@@IAE_NAA_J@Z 0041286a f i libucrt:output.obj
 0001:000118f3       ??$extract_argument_from_va_list@G_J@?$positional_parameter_base@_WV?$string_output_adapter@_W@__crt_stdio_output@@@__crt_stdio_output@@IAE_NAA_J@Z 004128f3 f i libucrt:output.obj
 0001:0001197c       ??$extract_argument_from_va_list@G_J@?$standard_base@DV?$stream_output_adapter@D@__crt_stdio_output@@@__crt_stdio_output@@IAE_NAA_J@Z 0041297c f i libucrt:output.obj
 0001:0001199b       ??$extract_argument_from_va_list@G_J@?$standard_base@DV?$string_output_adapter@D@__crt_stdio_output@@@__crt_stdio_output@@IAE_NAA_J@Z 0041299b f i libucrt:output.obj
 0001:000119ba       ??$extract_argument_from_va_list@G_J@?$standard_base@_WV?$stream_output_adapter@_W@__crt_stdio_output@@@__crt_stdio_output@@IAE_NAA_J@Z 004129ba f i libucrt:output.obj
 0001:000119d9       ??$extract_argument_from_va_list@G_J@?$standard_base@_WV?$string_output_adapter@_W@__crt_stdio_output@@@__crt_stdio_output@@IAE_NAA_J@Z 004129d9 f i libucrt:output.obj
 0001:000119f8       ??$extract_argument_from_va_list@H_J@?$positional_parameter_base@DV?$stream_output_adapter@D@__crt_stdio_output@@@__crt_stdio_output@@IAE_NAA_J@Z 004129f8 f i libucrt:output.obj
 0001:00011a7e       ??$extract_argument_from_va_list@H_J@?$positional_parameter_base@DV?$string_output_adapter@D@__crt_stdio_output@@@__crt_stdio_output@@IAE_NAA_J@Z 00412a7e f i libucrt:output.obj
 0001:00011b04       ??$extract_argument_from_va_list@H_J@?$positional_parameter_base@_WV?$stream_output_adapter@_W@__crt_stdio_output@@@__crt_stdio_output@@IAE_NAA_J@Z 00412b04 f i libucrt:output.obj
 0001:00011b8b       ??$extract_argument_from_va_list@H_J@?$positional_parameter_base@_WV?$string_output_adapter@_W@__crt_stdio_output@@@__crt_stdio_output@@IAE_NAA_J@Z 00412b8b f i libucrt:output.obj
 0001:00011c12       ??$extract_argument_from_va_list@H_J@?$standard_base@DV?$stream_output_adapter@D@__crt_stdio_output@@@__crt_stdio_output@@IAE_NAA_J@Z 00412c12 f i libucrt:output.obj
[...]
 0002:00008908       __sehtable$__free_locale   0045a908     libucrt:wsetlocale.obj
 0002:00008930       __sehtable$??$?RV<lambda_e5124f882df8998aaf41531e079ba474>@@AAV<lambda_3e16ef9562a7dcce91392c22ab16ea36>@@V<lambda_e25ca0880e6ef98be67edffd8c599615>@@@?$__crt_seh_guarded_call@X@@QAEX$$QAV<lambda_e5124f882df8998aaf41531e079ba474>@@AAV<lambda_3e16ef9562a7dcce91392c22ab16ea36>@@$$QAV<lambda_e25ca0880e6ef98be67edffd8c599615>@@@Z 0045a930     libucrt:wsetlocale.obj
 0002:00008950       __sehtable$??$?RV<lambda_82aef432098b982f9ede325b418aa67a>@@AAV<lambda_862e9a3f04921db6ca1ce3faa2bf3edf>@@V<lambda_ffabc152e504b53d7492b9889b10c020>@@@?$__crt_seh_guarded_call@X@@QAEX$$QAV<lambda_82aef432098b982f9ede325b418aa67a>@@AAV<lambda_862e9a3f04921db6ca1ce3faa2bf3edf>@@$$QAV<lambda_ffabc152e504b53d7492b9889b10c020>@@@Z 0045a950     libucrt:wsetlocale.obj
 0002:00008970       __sehtable$??$?RV<lambda_6673f7c4c09a5d469d0c27ae364621ce>@@AAV<lambda_ebab98244f73a74f49db879bf13fa982>@@V<lambda_be20789b7a146653eab82509ec35b419>@@@?$__crt_seh_guarded_call@X@@QAEX$$QAV<lambda_6673f7c4c09a5d469d0c27ae364621ce>@@AAV<lambda_ebab98244f73a74f49db879bf13fa982>@@$$QAV<lambda_be20789b7a146653eab82509ec35b419>@@@Z 0045a970     libucrt:wsetlocale.obj
 0002:00008990       __sehtable$??$?RV<lambda_4fdada1b837b2abbf20876fac97688ad>@@AAV<lambda_b57350f2640456a0859d250846f69caf>@@V<lambda_eed5e4f92b5b7d55fa22c48c484aaa54>@@@?$__crt_seh_guarded_call@X@@QAEX$$QAV<lambda_4fdada1b837b2abbf20876fac97688ad>@@AAV<lambda_b57350f2640456a0859d250846f69caf>@@$$QAV<lambda_eed5e4f92b5b7d55fa22c48c484aaa54>@@@Z 0045a990     libucrt:wsetlocale.obj
 0002:000089b0       __sehtable$??$?RV<lambda_ac03c5d59bd18b09cb88b28331f6bfed>@@AAV<lambda_2a444430fde8c29194d880d93eed5e8f>@@AAV<lambda_02db5278e8aef8b5e4976579d73f5304>@@@?$__crt_seh_guarded_call@X@@QAEX$$QAV<lambda_ac03c5d59bd18b09cb88b28331f6bfed>@@AAV<lambda_2a444430fde8c29194d880d93eed5e8f>@@AAV<lambda_02db5278e8aef8b5e4976579d73f5304>@@@Z 0045a9b0     libucrt:wsetlocale.obj
 0002:000089cc       __unwindtable$__execute_onexit_table 0045a9cc     libucrt:onexit.obj
 0002:000089d4       __ehfuncinfo$__execute_onexit_table 0045a9d4     libucrt:onexit.obj
 0002:000089f8       __ehfuncinfo$??$__acrt_lock_and_call@V<lambda_f03950bc5685219e0bcd2087efbe011e>@@@@YAHW4__acrt_lock_id@@$$QAV<lambda_f03950bc5685219e0bcd2087efbe011e>@@@Z 0045a9f8     libucrt:onexit.obj
 0002:00008a20       __sehtable$??$?RV<lambda_8e746cf0007f6ed984d6f78af1fec997>@@AAV<lambda_22ebabd17bc4fa466a2aca6d8deb888d>@@V<lambda_18ed0c0b38a6dc0daf1e7ac6d6adf05e>@@@?$__crt_seh_guarded_call@H@@QAEH$$QAV<lambda_8e746cf0007f6ed984d6f78af1fec997>@@AAV<lambda_22ebabd17bc4fa466a2aca6d8deb888d>@@$$QAV<lambda_18ed0c0b38a6dc0daf1e7ac6d6adf05e>@@@Z 0045aa20     libucrt:onexit.obj
 0002:00008a40       __sehtable$??$?RV<lambda_69a2805e680e0e292e8ba93315fe43a8>@@AAV<lambda_f03950bc5685219e0bcd2087efbe011e>@@V<lambda_03fcd07e894ec930e3f35da366ca99d6>@@@?$__crt_seh_guarded_call@H@@QAEH$$QAV<lambda_69a2805e680e0e292e8ba93315fe43a8>@@AAV<lambda_f03950bc5685219e0bcd2087efbe011e>@@$$QAV<lambda_03fcd07e894ec930e3f35da366ca99d6>@@@Z 0045aa40     libucrt:onexit.obj
 0002:00008a60       __sehtable$_terminate      0045aa60     libucrt:terminate.obj
 0002:00008a80       __sehtable$__query_new_handler 0045aa80     libucrt:new_handler.obj
 0002:00008aa0       __sehtable$__set_new_handler 0045aaa0     libucrt:new_handler.obj
 0002:00008ac0       __sehtable$??$?RV<lambda_6b4b7855443974f2b4b77000ea21c99c>@@AAV<lambda_8f7d3b162ab39427f4fa9995c67a7986>@@V<lambda_cc9a5ba8a5d8428b9634eab82665e5dc>@@@?$__crt_seh_guarded_call@H@@QAEH$$QAV<lambda_6b4b7855443974f2b4b77000ea21c99c>@@AAV<lambda_8f7d3b162ab39427f4fa9995c67a7986>@@$$QAV<lambda_cc9a5ba8a5d8428b9634eab82665e5dc>@@@Z 0045aac0     libucrt:winapi_thunks.obj
 0002:00008ae0       __sehtable$__fcloseall     0045aae0     libucrt:closeall.obj
 0002:00008b00       __sehtable$??$?RV<lambda_2866be3712abc81a800a822484c830d8>@@AAV<lambda_39ca0ed439415581b5b15c265174cece>@@V<lambda_2b24c74d71094a6cd0cb82e44167d71b>@@@?$__crt_seh_guarded_call@X@@QAEX$$QAV<lambda_2866be3712abc81a800a822484c830d8>@@AAV<lambda_39ca0ed439415581b5b15c265174cece>@@$$QAV<lambda_2b24c74d71094a6cd0cb82e44167d71b>@@@Z 0045ab00     libucrt:fflush.obj
 0002:00008b20       __sehtable$??$?RV<lambda_2cc53f568c5a2bb6f192f930a45d44ea>@@AAV<lambda_ab61a845afdef5b7c387490eaf3616ee>@@V<lambda_c2ffc0b7726aa6be21d5f0026187e748>@@@?$__crt_seh_guarded_call@X@@QAEX$$QAV<lambda_2cc53f568c5a2bb6f192f930a45d44ea>@@AAV<lambda_ab61a845afdef5b7c387490eaf3616ee>@@$$QAV<lambda_c2ffc0b7726aa6be21d5f0026187e748>@@@Z 0045ab20     libucrt:fflush.obj
 0002:00008b40       __sehtable$??$?RV<lambda_6d20deecaf4856105ebacbad442d1079>@@AAV<lambda_9a32fed5bf61b6b509b2d3f6003082a1>@@V<lambda_63ea2239ed67c638ddbae41947fdf875>@@@?$__crt_seh_guarded_call@H@@QAEH$$QAV<lambda_6d20deecaf4856105ebacbad442d1079>@@AAV<lambda_9a32fed5bf61b6b509b2d3f6003082a1>@@$$QAV<lambda_63ea2239ed67c638ddbae41947fdf875>@@@Z 0045ab40     libucrt:fflush.obj
 0002:00008b60       __sehtable$___acrt_initialize_lowio 0045ab60     libucrt:ioinit.obj
 0002:00008b80       __sehtable$??$?RV<lambda_d422a76eb4c3bf3ad751449ab71a6ea4>@@AAV<lambda_c9ba49e555ba839a7b07aa3fbecb7617>@@V<lambda_9476263c8ee91a25d21c55370bdb50de>@@@?$__crt_seh_guarded_call@H@@QAEH$$QAV<lambda_d422a76eb4c3bf3ad751449ab71a6ea4>@@AAV<lambda_c9ba49e555ba839a7b07aa3fbecb7617>@@$$QAV<lambda_9476263c8ee91a25d21c55370bdb50de>@@@Z 0045ab80     libucrt:close.obj
 0002:00008ba0       __sehtable$?__acrt_stdio_allocate_stream@@YA?AV__crt_stdio_stream@@XZ 0045aba0     libucrt:stream.obj
 0002:00008bc0       __sehtable$??$?RV<lambda_15ade71b0218206bbe3333a0c9b79046>@@AAV<lambda_da44e0f8b0f19ba52fefafb335991732>@@V<lambda_207f2d024fc103971653565357d6cd41>@@@?$__crt_seh_guarded_call@X@@QAEX$$QAV<lambda_15ade71b0218206bbe3333a0c9b79046>@@AAV<lambda_da44e0f8b0f19ba52fefafb335991732>@@$$QAV<lambda_207f2d024fc103971653565357d6cd41>@@@Z 0045abc0     libucrt:per_thread_data.obj
 0002:00008be0       __sehtable$??$?RV<lambda_a7e850c220f1c8d1e6efeecdedd162c6>@@AAV<lambda_46720907175c18b6c9d2717bc0d2d362>@@V<lambda_9048902d66e8d99359bc9897bbb930a8>@@@?$__crt_seh_guarded_call@X@@QAEX$$QAV<lambda_a7e850c220f1c8d1e6efeecdedd162c6>@@AAV<lambda_46720907175c18b6c9d2717bc0d2d362>@@$$QAV<lambda_9048902d66e8d99359bc9897bbb930a8>@@@Z 0045abe0     libucrt:per_thread_data.obj
 0002:00008c00       __sehtable$??$?RV<lambda_38edbb1296d33220d7e4dd0ed76b244a>@@AAV<lambda_5ce1d447e08cb34b2473517608e21441>@@V<lambda_fb385d3da700c9147fc39e65dd577a8c>@@@?$__crt_seh_guarded_call@X@@QAEX$$QAV<lambda_38edbb1296d33220d7e4dd0ed76b244a>@@AAV<lambda_5ce1d447e08cb34b2473517608e21441>@@$$QAV<lambda_fb385d3da700c9147fc39e65dd577a8c>@@@Z 0045ac00     libucrt:per_thread_data.obj
 0002:00008c20       __sehtable$??$?RV<lambda_6affb1475c98b40b75cdec977db92e3c>@@AAV<lambda_b8d4b9c228a6ecc3f80208dbb4b4a104>@@V<lambda_608742c3c92a14382c1684fc64f96c88>@@@?$__crt_seh_guarded_call@X@@QAEX$$QAV<lambda_6affb1475c98b40b75cdec977db92e3c>@@AAV<lambda_b8d4b9c228a6ecc3f80208dbb4b4a104>@@$$QAV<lambda_608742c3c92a14382c1684fc64f96c88>@@@Z 0045ac20     libucrt:per_thread_data.obj
 0002:00008c40       __sehtable$_fgetwc         0045ac40     libucrt:fgetwc.obj
 0002:00008c60       __sehtable$_fgetc          0045ac60     libucrt:fgetc.obj
 0002:00008c80       __sehtable$?_fputwc_internal@@YAG_WQAU_iobuf@@AAV__crt_cached_ptd_host@@@Z 0045ac80     libucrt:fputwc.obj
 0002:00008ca0       __sehtable$?_fputc_internal@@YAHHQAU_iobuf@@AAV__crt_cached_ptd_host@@@Z 0045aca0     libucrt:fputc.obj
 0002:00008cc0       __sehtable$?update_thread_multibyte_data_internal@@YAPAU__crt_multibyte_data@@QAU__acrt_ptd@@QAPAU1@@Z 0045acc0     libucrt:mbctype.obj
 0002:00008ce0       __sehtable$??$?RV<lambda_ceb1ee4838e85a9d631eb091e2fbe199>@@AAV<lambda_ae742caa10f662c28703da3d2ea5e57e>@@V<lambda_cd08b5d6af4937fe54fc07d0c9bf6b37>@@@?$__crt_seh_guarded_call@X@@QAEX$$QAV<lambda_ceb1ee4838e85a9d631eb091e2fbe199>@@AAV<lambda_ae742caa10f662c28703da3d2ea5e57e>@@$$QAV<lambda_cd08b5d6af4937fe54fc07d0c9bf6b37>@@@Z 0045ace0     libucrt:mbctype.obj
 0002:00008d00       __sehtable$__open_osfhandle 0045ad00     libucrt:osfinfo.obj
 0002:00008d20       __sehtable$__alloc_osfhnd  0045ad20     libucrt:osfinfo.obj
 0002:00008d40       __sehtable$___acrt_lowio_ensure_fh_exists 0045ad40     libucrt:osfinfo.obj
 0002:00008d60       __sehtable$___acrt_update_thread_locale_data 0045ad60     libucrt:locale_refcounting.obj
 0002:00008d80       __sehtable$_signal         0045ad80     libucrt:signal.obj
 0002:00008da0       __sehtable$_raise          0045ada0     libucrt:signal.obj
 0002:00008dc0       __sehtable$?ctrlevent_capture@@YGHK@Z 0045adc0     libucrt:signal.obj
 0002:00008de0       __sehtable$??$?RV<lambda_cbab9ec6f41b0180b23cc171c22676b0>@@AAV<lambda_44731a7d0e6d81c3e6aa82d741081786>@@V<lambda_4b292cb8dd18144e164572427af410ab>@@@?$__crt_seh_guarded_call@P6AXH@Z@@QAEP6AXH@Z$$QAV<lambda_cbab9ec6f41b0180b23cc171c22676b0>@@AAV<lambda_44731a7d0e6d81c3e6aa82d741081786>@@$$QAV<lambda_4b292cb8dd18144e164572427af410ab>@@@Z 0045ade0     libucrt:signal.obj
 0002:00008e00       __sehtable$??$?RV<lambda_9e9de3de5fa147e2223d7db92bc10aa6>@@AAV<lambda_38ce7e780aa69e748d6df282ebc68efe>@@V<lambda_8ca6da459f0f6780f1cff60fdc3d00e5>@@@?$__crt_seh_guarded_call@H@@QAEH$$QAV<lambda_9e9de3de5fa147e2223d7db92bc10aa6>@@AAV<lambda_38ce7e780aa69e748d6df282ebc68efe>@@$$QAV<lambda_8ca6da459f0f6780f1cff60fdc3d00e5>@@@Z 0045ae00     libucrt:commit.obj
 0002:00008e20       __sehtable$__write_internal 0045ae20     libucrt:write.obj
 0002:00008e3c       __ehfuncinfo$?write_double_translated_ansi_nolock@@YA?AUwrite_result@?A0x17268360@@HQBDIAAV__crt_cached_ptd_host@@@Z 0045ae3c     libucrt:write.obj
 0002:00008e60       __sehtable$_ungetc         0045ae60     libucrt:ungetc.obj
 0002:00008e80       __sehtable$??$common_open@D@@YAHQBDHH@Z 0045ae80     libucrt:open.obj
 0002:00008ea0       __sehtable$??$common_open@_W@@YAHQB_WHH@Z 0045aea0     libucrt:open.obj
 0002:00008ec0       __sehtable$??$common_sopen_dispatch@D@@YAHQBDHHHQAHH@Z 0045aec0     libucrt:open.obj
 0002:00008ee0       __sehtable$??$common_sopen_dispatch@_W@@YAHQB_WHHHQAHH@Z 0045aee0     libucrt:open.obj
 0002:00008efc       __ehfuncinfo$?_mbrtowc_internal@@YAHPAHPA_WPBDIPAU_Mbstatet@@AAV__crt_cached_ptd_host@@@Z 0045aefc     libucrt:mbrtowc.obj
 0002:00008f20       __ehfuncinfo$?_mbsrtowcs_helper@@YAIPA_WPAPBDIPAU_Mbstatet@@AAV__crt_cached_ptd_host@@@Z 0045af20     libucrt:mbrtowc.obj
 0002:00008f48       __sehtable$___set_fpsr_sse2 0045af48     libucrt:fpctrl.obj
 0002:00008f68       __sehtable$??$common_lseek@J@@YAJHJHAAV__crt_cached_ptd_host@@@Z 0045af68     libucrt:lseek.obj
 0002:00008f88       __sehtable$??$common_lseek@_J@@YA_JH_JHAAV__crt_cached_ptd_host@@@Z 0045af88     libucrt:lseek.obj
 0002:00008fa8       __sehtable$??$?RV<lambda_f828341fbe69b7c0d4c527b01f22877f>@@AAV<lambda_9e0b6ab72a5b3ae37ad997d08b519f50>@@V<lambda_f01deac0a8d65d6e0411edf7e0af5775>@@@?$__crt_seh_guarded_call@G@@QAEG$$QAV<lambda_f828341fbe69b7c0d4c527b01f22877f>@@AAV<lambda_9e0b6ab72a5b3ae37ad997d08b519f50>@@$$QAV<lambda_f01deac0a8d65d6e0411edf7e0af5775>@@@Z 0045afa8     libucrt:putwch.obj
 0002:00008fc8       __sehtable$__read          0045afc8     libucrt:read.obj
 0002:00008fe8       __sehtable$??$?RV<lambda_2c87c0f1c5824a8f466464d223ae2adf>@@AAV<lambda_da54eedf1eca897cab5ed6d42fa6c58d>@@V<lambda_9b5bb9a9a5e973ce95cdde156d85e5dc>@@@?$__crt_seh_guarded_call@H@@QAEH$$QAV<lambda_2c87c0f1c5824a8f466464d223ae2adf>@@AAV<lambda_da54eedf1eca897cab5ed6d42fa6c58d>@@$$QAV<lambda_9b5bb9a9a5e973ce95cdde156d85e5dc>@@@Z 0045afe8     libucrt:chsize.obj
 0002:00009004       __ehfuncinfo$?_mbstowcs_l_helper@@YAIPA_WPBDIAAV__crt_cached_ptd_host@@@Z 0045b004     libucrt:mbstowcs.obj
 0002:00009028       __sehtable$__IsNonwritableInCurrentImage 0045b028     LIBCMT:pesect.obj
 0002:00009050       .edata                     0045b050     vrad_launcher.exp
 0002:00009078       rgpv                       0045b078     vrad_launcher.exp
 0002:0000907c       rgszName                   0045b07c     vrad_launcher.exp
 0002:00009080       rgwOrd                     0045b080     vrad_launcher.exp
 0002:00009082       szName                     0045b082     vrad_launcher.exp
 0002:0000908b       $N00001                    0045b08b     vrad_launcher.exp
 0002:0000928a       .idata$6                   0045b28a     kernel32:KERNEL32.dll
 0002:000092ac       .idata$6                   0045b2ac     tier0:tier0.dll
 0003:00000000       ?vec2_invalid@@3VVector2D@@B 0045c000     StdAfx.obj
 0003:00000040       ?__vcrt_flsindex@@3KA      0045c040     libvcruntime:per_thread_data.obj
 0003:00000044       ?prefix@?1??getDimension@UnDecorator@@CA?AVDName@@_N@Z@4UStringLiteral@@A 0045c044     libvcruntime:undname.obj
 0003:00000110       __ctype_loc_style          0045c110     libucrt:wsetlocale.obj
 0003:00000120       ?errno_no_memory@@3HA      0045c120     libucrt:errno.obj
 0003:00000124       ?doserrno_no_memory@@3KA   0045c124     libucrt:errno.obj
 0003:00000160       ?__acrt_flsindex@@3KA      0045c160     libucrt:per_thread_data.obj
 0003:00000450       __mbctypes                 0045c450     libucrt:mbctype.obj
 0003:00000558       __mbcasemaps               0045c558     libucrt:mbctype.obj
 0003:00000658       ?__rgctypeflag@@3PADA      0045c658     libucrt:mbctype.obj
 0003:00000660       ?__rgcode_page_info@@3PAUcode_page_info@@A 0045c660     libucrt:mbctype.obj
 0003:000007c0       ?__DAZ_ENABLED@?1??__set_fpsr_sse2@@9@9 0045c7c0     libucrt:fpctrl.obj
 0003:000008d0       ?__dcrt_lowio_console_output_handle@@3PAXA 0045c8d0     libucrt:initcon.obj
 0003:00000a1c       ?vec2_origin@@3VVector2D@@B 0045ca1c     StdAfx.obj
 0003:00000a30       ?err@?1??GetLastErrorString@@YAPADXZ@4PADA 0045ca30     vrad_launcher.obj
 0003:00001234       ?pfnIsDebuggerPresent@?1??Sys_IsDebuggerPresent@@YA_NXZ@4P6AHXZA 0045d234     tier1:interface.obj
 0003:00001238       ?checked@?1??Sys_IsDebuggerPresent@@YA_NXZ@4_NA 0045d238     tier1:interface.obj
 0003:00001240       ?output@?1??V_pretifymem@@YAPADMH_N@Z@4PAY0CA@DA 0045d240     tier1:strtools.obj
 0003:00001340       ?current@?1??V_pretifymem@@YAPADMH_N@Z@4HA 0045d340     tier1:strtools.obj
 0003:00001348       ?output@?1??V_pretifynum@@YAPAD_J@Z@4PAY0CA@DA 0045d348     tier1:strtools.obj
 0003:00001448       ?current@?1??V_pretifynum@@YAPAD_J@Z@4HA 0045d448     tier1:strtools.obj
 0003:00001450       _GS_ExceptionRecord        0045d450     LIBCMT:gs_report.obj
 0003:000014a0       _GS_ContextRecord          0045d4a0     LIBCMT:gs_report.obj
 0003:00001774       ?is_initialized_as_dll@@3_NA 0045d774     LIBCMT:utility.obj
 0003:00001775       ?module_local_atexit_table_initialized@@3_NA 0045d775     LIBCMT:utility.obj
 0003:00001778       ?module_local_atexit_table@@3U_onexit_table_t@@A 0045d778     LIBCMT:utility.obj
 0003:00001784       ?module_local_at_quick_exit_table@@3U_onexit_table_t@@A 0045d784     LIBCMT:utility.obj
 0003:000017b0       ?__vcrt_startup_thread_ptd@@3U__vcrt_ptd@@A 0045d7b0     libvcruntime:per_thread_data.obj
 0003:000017d8       ___vcrt_lock_table         0045d7d8     libvcruntime:locks.obj
 0003:000017f0       ___vcrt_locks_initialized  0045d7f0     libvcruntime:locks.obj
 0003:0000181c       ?heap@@3V_HeapManager@@A   0045d81c     libvcruntime:undname.obj
 0003:00001830       ?module_handles@@3PAPAUHINSTANCE__@@A 0045d830     libvcruntime:winapi_downlevel.obj
 0003:0000183c       ?function_pointers@@3PAPAXA 0045d83c     libvcruntime:winapi_downlevel.obj
 0003:00001860       ?__acrt_app_type@@3W4_crt_app_type@@A 0045d860     libucrt:report_runtime_error.obj
 0003:00001868       ?outmsg@?9??__acrt_report_runtime_error@@9@4PA_WA 0045d868     libucrt:report_runtime_error.obj
 0003:00001e90       ?user_matherr@@3V?$dual_state_global@P6AHPAU_exception@@@Z@__crt_state_management@@A 0045de90     libucrt:matherr.obj
 0003:00001e98       ?program_name@?1???$common_configure_argv@D@@YAHW4_crt_argv_mode@@@Z@4PADA 0045de98     libucrt:argv_parsing.obj
 0003:00001fa0       ?program_name@?1???$common_configure_argv@_W@@YAHW4_crt_argv_mode@@@Z@4PA_WA 0045dfa0     libucrt:argv_parsing.obj
 0003:000021bc       ?c_termination_complete@@3JA 0045e1bc     libucrt:exit.obj
 0003:000021c0       ?thread_local_exit_callback_func@@3P6GXPAXK0@ZA 0045e1c0     libucrt:exit.obj
 0003:000021e8       ?__acrt_global_new_mode@@3V?$dual_state_global@J@__crt_state_management@@A 0045e1e8     libucrt:new_mode.obj
 0003:00002208       ?__acrt_new_handler@@3V?$dual_state_global@P6AHI@Z@__crt_state_management@@A 0045e208     libucrt:new_handler.obj
 0003:0000220c       ?__acrt_invalid_parameter_handler@@3V?$dual_state_global@P6AXPB_W00II@Z@__crt_state_management@@A 0045e20c     libucrt:invalid_parameter.obj
 0003:00002210       ?module_handles@@3PAPAUHINSTANCE__@@A 0045e210     libucrt:winapi_thunks.obj
 0003:00002260       ?encoded_function_pointers@@3PAPAXA 0045e260     libucrt:winapi_thunks.obj
 0003:000022e8       ?static_enum_proc@?1??enum_system_locales_ex_nolock@@YAHQ6GHPA_WKJ@Z@Z@4P6GH0KJ@ZA 0045e2e8     libucrt:winapi_thunks.obj
 0003:000024f8       ?internal_state@?1??_mbtowc_internal@@9@4U_Mbstatet@@A 0045e4f8     libucrt:mbtowc.obj
 0003:00002500       ?enable_percent_n@@3IA     0045e500     libucrt:printf_count_output.obj
 0003:0000250c       ___acrt_error_mode         0045e50c     libucrt:set_error_mode.obj
 0003:0000251c       ?fSystemSet@@3HA           0045e51c     libucrt:mbctype.obj
 0003:00002520       ?initialized@?1??__acrt_initialize_multibyte@@9@4_NA 0045e520     libucrt:mbctype.obj
 0003:00002528       ?__acrt_lock_table@@3PAU_RTL_CRITICAL_SECTION@@A 0045e528     libucrt:locks.obj
 0003:00002678       ?__acrt_locks_initialized@@3IA 0045e678     libucrt:locks.obj
 0003:0000267c       ?state_cache@?1???$get_cached_win_policy@Ubegin_thread_init_policy_properties@?1??__acrt_get_begin_thread_init_policy@@YA?AW4begin_thread_init_policy@@XZ@@@YA?AW4begin_thread_init_policy@@W4AppPolicyThreadInitializationType@@@Z@4JA 0045e67c     libucrt:win_policies.obj
 0003:00002680       ?state_cache@?1???$get_cached_win_policy@Udeveloper_information_policy_properties@?1??__acrt_get_developer_information_policy@@YA?AW4developer_information_policy@@XZ@@@YA?AW4developer_information_policy@@W4AppPolicyShowDeveloperDiagnostic@@@Z@4JA 0045e680     libucrt:win_policies.obj
 0003:00002684       ?state_cache@?1???$get_cached_win_policy@Uwindowing_model_policy_properties@?1??__acrt_get_windowing_model_policy@@YA?AW4windowing_model_policy@@XZ@@@YA?AW4windowing_model_policy@@W4AppPolicyWindowingModel@@@Z@4JA 0045e684     libucrt:win_policies.obj
 0003:00002698       ?console_ctrl_handler_installed@@3_NA 0045e698     libucrt:signal.obj
 0003:0000269c       ?ctrlc_action@@3V?$dual_state_global@P6AXH@Z@__crt_state_management@@A 0045e69c     libucrt:signal.obj
 0003:000026a0       ?ctrlbreak_action@@3V?$dual_state_global@P6AXH@Z@__crt_state_management@@A 0045e6a0     libucrt:signal.obj
 0003:000026a4       ?abort_action@@3V?$dual_state_global@P6AXH@Z@__crt_state_management@@A 0045e6a4     libucrt:signal.obj
 0003:000026a8       ?term_action@@3V?$dual_state_global@P6AXH@Z@__crt_state_management@@A 0045e6a8     libucrt:signal.obj
 0003:000026ac       ?mbst@?1??mbrlen@@9@4U_Mbstatet@@A 0045e6ac     libucrt:mbrtowc.obj
 0003:000026b4       ?mbst@?1??mbrtowc@@9@4U_Mbstatet@@A 0045e6b4     libucrt:mbrtowc.obj
 0003:000026bc       ?mbst@?1??_mbsrtowcs_helper@@YAIPA_WPAPBDIPAU_Mbstatet@@AAV__crt_cached_ptd_host@@@Z@4U2@A 0045e6bc     libucrt:mbrtowc.obj
 0003:000026c8       ?internal_pst@?1??__mbrtoc32_utf8@__crt_mbstring@@YAIPA_UPBDIPAU_Mbstatet@@AAV__crt_cached_ptd_host@@@Z@4U3@A 0045e6c8     libucrt:mbrtoc32.obj
 0003:000026d4       __pmatherr_set             0045e6d4     libucrt:libm_error.obj
 0004:00000060       $R000000                   0045f060     * linker generated manifest res *
